IQ-TREE version 3.0.1 for Linux x86 64-bit built May  5 2025
Developed by Bui Quang Minh, Thomas Wong, Nhan Ly-Trong, Huaiyan Ren
Contributed by Lam-Tung Nguyen, Dominik Schrempf, Chris Bielow,
Olga Chernomor, Michael Woodhams, Diep Thi Hoang, Heiko Schmidt

Host:    mic-r750 (AVX512, FMA3, 1007 GB RAM)
Command: /mnt/hd1/home/sishuo/bin/iqtree3_intel -redo -s tree-RML/combined.aln -m LG+C60+G -pre tree-RML/phylo/iqtree/iqtree -ft tree-RML/phylo/iqtree/guide/iqtree.treefile -nt 50 -bb 1000 -mwopt -wbtl
Seed:    285451 (Using SPRNG - Scalable Parallel Random Number Generator)
Time:    Sat Jan 31 12:41:45 2026
Kernel:  AVX+FMA - 50 threads (128 CPU cores detected)

Reading alignment file tree-RML/combined.aln ... Fasta format detected
Reading fasta file: done in 0.000712916 secs using 49.94% CPU
Alignment most likely contains protein sequences
Constructing alignment: done in 0.00224355 secs using 1694% CPU
Alignment has 43 sequences with 1196 columns, 438 distinct patterns
79 parsimony-informative, 212 singleton sites, 905 constant sites
                              Gap/Ambiguity  Composition  p-value
Analyzing sequences: done in 2.85031e-05 secs using 84.2% CPU
   1  Scylla_paramamosain             0.00%    passed    100.00%
   2  Thalamita_crenata               0.00%    passed    100.00%
   3  Thalamita_danae                 0.00%    passed    100.00%
   4  Metopograpsus_frontalis        14.38%    failed      0.36%
   5  Metopograpsus_quadridentatus    0.00%    passed    100.00%
   6  Chiromantes_haematocheir       15.38%    passed    100.00%
   7  Episesarma_chentongense         0.17%    passed    100.00%
   8  Episesarma_mederi              30.60%    passed     99.57%
   9  Episesarma_singaporense         0.33%    passed    100.00%
  10  Episesarma_versicolor          15.38%    passed    100.00%
  11  Lithoselatium_kusu             14.05%    passed    100.00%
  12  Neosarmatium_indicum            0.17%    passed    100.00%
  13  Neosarmatium_smithi            28.93%    passed     99.98%
  14  Orisarma_dehaani               17.39%    passed     99.99%
  15  Orisarma_patshuni               0.08%    passed    100.00%
  16  Orisarma_sinense               15.30%    passed     99.99%
  17  Parasesarma_affine             28.93%    passed     99.96%
  18  Parasesarma_bidens              0.25%    passed    100.00%
  19  Parasesarma_eumolpe            19.98%    failed      0.28%
  20  Parasesarma_peninsulare         0.00%    passed    100.00%
  21  Parasesarma_pictum             22.07%    passed    100.00%
  22  Parasesarma_ungulatum          13.63%    passed    100.00%
  23  Sarmatium_germaini             15.30%    passed    100.00%
  24  Selatium_brockii                2.59%    passed    100.00%
  25  Chasmagnathus_convexus         24.41%    passed     99.47%
  26  Hemigrapsus_penicillatus       24.16%    passed     99.15%
  27  Hemigrapsus_takanoi            35.70%    passed     99.52%
  28  Metaplax_tredecim              22.07%    passed    100.00%
  29  Ilyoplax_formosensis           44.57%    passed     99.91%
  30  Ilyoplax_ningpoensis            0.00%    passed    100.00%
  31  Scopimera_intermedia           13.71%    passed    100.00%
  32  Tmethypocoelis_ceratophora      0.25%    passed    100.00%
  33  Macrophthalmus_banzai          15.30%    passed     99.98%
  34  Macrophthalmus_convexus        28.93%    passed     99.94%
  35  Macrophthalmus_definitus       15.38%    passed     99.99%
  36  Macrophthalmus_tomentosus      29.01%    passed     99.94%
  37  Mictyris_brevidactylus         14.72%    passed     99.34%
  38  Austruca_lactea                 0.42%    passed    100.00%
  39  Gelasimus_borealis              9.20%    passed     99.99%
  40  Gelasimus_vocans               10.95%    passed     99.96%
  41  Paraleptuca_splendida          35.79%    passed     98.64%
  42  Tubuca_arcuata                  0.50%    passed    100.00%
  43  Metaplax_longipes              89.63%    passed     26.69%
WARNING: 1 sequences contain more than 50% gaps/ambiguity
****  TOTAL                          15.57%  2 sequences failed composition chi2 test (p-value<5%; df=19)

===> COMPUTING SITE FREQUENCY MODEL BASED ON TREE FILE tree-RML/phylo/iqtree/guide/iqtree.treefile
Model LG+C60+G is alias for LG+POISSON+G+FMIX{C60pi1:1:0.0169698865,C60pi2:1:0.0211683374,C60pi3:1:0.0276589079,C60pi4:1:0.0065675964,C60pi5:1:0.0141221416,C60pi6:1:0.0068774834,C60pi7:1:0.0146909701,C60pi8:1:0.0067225777,C60pi9:1:0.0018396660,C60pi10:1:0.0102547197,C60pi11:1:0.0230896163,C60pi12:1:0.0057941033,C60pi13:1:0.0125394534,C60pi14:1:0.0204526478,C60pi15:1:0.0070629602,C60pi16:1:0.0117982741,C60pi17:1:0.0068334668,C60pi18:1:0.0433775839,C60pi19:1:0.0318278731,C60pi20:1:0.0222546108,C60pi21:1:0.0102264969,C60pi22:1:0.0150545891,C60pi23:1:0.0134159878,C60pi24:1:0.0148552065,C60pi25:1:0.0239111516,C60pi26:1:0.0128776278,C60pi27:1:0.0222318842,C60pi28:1:0.0247444742,C60pi29:1:0.0214274810,C60pi30:1:0.0115001882,C60pi31:1:0.0076017389,C60pi32:1:0.0130258568,C60pi33:1:0.0093701965,C60pi34:1:0.0467194264,C60pi35:1:0.0441940314,C60pi36:1:0.0322263154,C60pi37:1:0.0402999891,C60pi38:1:0.0150234227,C60pi39:1:0.0104589903,C60pi40:1:0.0214742395,C60pi41:1:0.0154957836,C60pi42:1:0.0101789953,C60pi43:1:0.0227980379,C60pi44:1:0.0123204539,C60pi45:1:0.0066777583,C60pi46:1:0.0004150083,C60pi47:1:0.0344385130,C60pi48:1:0.0113663379,C60pi49:1:0.0127143049,C60pi50:1:0.0124323741,C60pi51:1:0.0262124415,C60pi52:1:0.0064994957,C60pi53:1:0.0103203293,C60pi54:1:0.0142463512,C60pi55:1:0.0215600067,C60pi56:1:0.0199150700,C60pi57:1:0.0038964200,C60pi58:1:0.0113448855,C60pi59:1:0.0128595846,C60pi60:1:0.0117656776}+G
WARNING: Your input class weight 0.000415008 is very small and may cause numerical issues
NOTE: 735 MB RAM is required!
WARNING: Number of threads seems too high for short alignments. Use -T AUTO to determine best number of threads.
1. Initial log-likelihood: -6527.868
2. Current log-likelihood: -6405.734
3. Current log-likelihood: -6398.517
4. Current log-likelihood: -6397.645
5. Current log-likelihood: -6397.471
6. Current log-likelihood: -6397.325
7. Current log-likelihood: -6397.178
Optimal log-likelihood: -6397.148
Mixture weights: 0.012 0.000 0.000 0.003 0.021 0.000 0.000 0.000 0.065 0.018 0.039 0.000 0.000 0.000 0.000 0.000 0.060 0.000 0.018 0.000 0.000 0.000 0.000 0.006 0.000 0.009 0.246 0.000 0.000 0.104 0.016 0.000 0.009 0.041 0.045 0.000 0.056 0.000 0.000 0.014 0.003 0.000 0.000 0.000 0.000 0.000 0.000 0.000 0.000 0.000 0.000 0.159 0.000 0.000 0.000 0.000 0.000 0.053 0.000 0.004
Gamma shape alpha: 0.311
Parameters optimization took 7 rounds (9.040 sec)
Computing posterior mean site frequencies....
Site state frequency vectors printed to tree-RML/phylo/iqtree/iqtree.sitefreq

===> CONTINUE ANALYSIS USING THE INFERRED SITE FREQUENCY MODEL
Checking for duplicate sequences: done in 0.000200644 secs using 93.2% CPU

Create initial parsimony tree by phylogenetic likelihood library (PLL)... 0.004 seconds
Generating 1000 samples for ultrafast bootstrap (seed: 285451)...
Model LG+C60+G is alias for LG+POISSON+G+FMIX{C60pi1:1:0.0169698865,C60pi2:1:0.0211683374,C60pi3:1:0.0276589079,C60pi4:1:0.0065675964,C60pi5:1:0.0141221416,C60pi6:1:0.0068774834,C60pi7:1:0.0146909701,C60pi8:1:0.0067225777,C60pi9:1:0.0018396660,C60pi10:1:0.0102547197,C60pi11:1:0.0230896163,C60pi12:1:0.0057941033,C60pi13:1:0.0125394534,C60pi14:1:0.0204526478,C60pi15:1:0.0070629602,C60pi16:1:0.0117982741,C60pi17:1:0.0068334668,C60pi18:1:0.0433775839,C60pi19:1:0.0318278731,C60pi20:1:0.0222546108,C60pi21:1:0.0102264969,C60pi22:1:0.0150545891,C60pi23:1:0.0134159878,C60pi24:1:0.0148552065,C60pi25:1:0.0239111516,C60pi26:1:0.0128776278,C60pi27:1:0.0222318842,C60pi28:1:0.0247444742,C60pi29:1:0.0214274810,C60pi30:1:0.0115001882,C60pi31:1:0.0076017389,C60pi32:1:0.0130258568,C60pi33:1:0.0093701965,C60pi34:1:0.0467194264,C60pi35:1:0.0441940314,C60pi36:1:0.0322263154,C60pi37:1:0.0402999891,C60pi38:1:0.0150234227,C60pi39:1:0.0104589903,C60pi40:1:0.0214742395,C60pi41:1:0.0154957836,C60pi42:1:0.0101789953,C60pi43:1:0.0227980379,C60pi44:1:0.0123204539,C60pi45:1:0.0066777583,C60pi46:1:0.0004150083,C60pi47:1:0.0344385130,C60pi48:1:0.0113663379,C60pi49:1:0.0127143049,C60pi50:1:0.0124323741,C60pi51:1:0.0262124415,C60pi52:1:0.0064994957,C60pi53:1:0.0103203293,C60pi54:1:0.0142463512,C60pi55:1:0.0215600067,C60pi56:1:0.0199150700,C60pi57:1:0.0038964200,C60pi58:1:0.0113448855,C60pi59:1:0.0128595846,C60pi60:1:0.0117656776}+G

NOTE: 18 MB RAM (0 GB) is required!
WARNING: Number of threads seems too high for short alignments. Use -T AUTO to determine best number of threads.
Estimate model parameters (epsilon = 0.100)
1. Initial log-likelihood: -5247.181
2. Current log-likelihood: -5200.081
3. Current log-likelihood: -5197.711
Optimal log-likelihood: -5197.676
Gamma shape alpha: 0.276
Parameters optimization took 3 rounds (0.097 sec)
Wrote distance file to... 
Computing ML distances based on estimated model parameters...
Calculating distance matrix: done in 0.016024 secs using 3176% CPU
Computing ML distances took 0.016690 sec (of wall-clock time) 0.705607 sec (of CPU time)
Setting up auxiliary I and S matrices: done in 0.000123546 secs using 2.668e+04% CPU
Constructing RapidNJ tree: done in 0.000219067 secs using 206.3% CPU
Computing RapidNJ tree took 0.000381 sec (of wall-clock time) 0.033504 sec (of CPU time)
Log-likelihood of RapidNJ tree: -5304.848
--------------------------------------------------------------------
|             INITIALIZING CANDIDATE TREE SET                      |
--------------------------------------------------------------------
Generating 98 parsimony trees... 0.458 second
Computing log-likelihood of 98 initial trees ... 1.311 seconds
Current best score: -5180.886

Do NNI search on 20 best initial trees
Optimizing NNI: done in 0.389333 secs using 4923% CPU
Estimate model parameters (epsilon = 0.100)
BETTER TREE FOUND at iteration 1: -5172.857
Optimizing NNI: done in 0.388289 secs using 4992% CPU
Optimizing NNI: done in 0.371521 secs using 5005% CPU
Optimizing NNI: done in 0.280563 secs using 4990% CPU
Optimizing NNI: done in 0.301612 secs using 4972% CPU
Optimizing NNI: done in 0.267543 secs using 5007% CPU
Optimizing NNI: done in 0.211502 secs using 5010% CPU
Optimizing NNI: done in 0.263784 secs using 4999% CPU
Optimizing NNI: done in 0.551889 secs using 4999% CPU
Optimizing NNI: done in 0.337048 secs using 4985% CPU
Iteration 10 / LogL: -5173.927 / Time: 0h:0m:5s
Optimizing NNI: done in 0.407354 secs using 5006% CPU
Optimizing NNI: done in 0.446744 secs using 5011% CPU
Optimizing NNI: done in 0.283773 secs using 5001% CPU
Optimizing NNI: done in 0.251467 secs using 5007% CPU
Optimizing NNI: done in 0.213556 secs using 4962% CPU
Optimizing NNI: done in 0.324753 secs using 4987% CPU
Optimizing NNI: done in 0.406086 secs using 4974% CPU
Optimizing NNI: done in 0.452699 secs using 4990% CPU
Optimizing NNI: done in 0.321799 secs using 4968% CPU
Optimizing NNI: done in 0.299154 secs using 5014% CPU
Iteration 20 / LogL: -5182.172 / Time: 0h:0m:8s
Finish initializing candidate tree set (20)
Current best tree score: -5172.857 / CPU time: 8.619
Number of iterations: 20
--------------------------------------------------------------------
|               OPTIMIZING CANDIDATE TREE SET                      |
--------------------------------------------------------------------
Optimizing NNI: done in 0.409968 secs using 5001% CPU
Optimizing NNI: done in 0.451723 secs using 4984% CPU
Optimizing NNI: done in 0.588675 secs using 4990% CPU
Optimizing NNI: done in 0.278951 secs using 4947% CPU
Optimizing NNI: done in 0.516412 secs using 4988% CPU
Optimizing NNI: done in 0.408512 secs using 4993% CPU
Optimizing NNI: done in 0.493733 secs using 5004% CPU
Optimizing NNI: done in 0.50681 secs using 5011% CPU
Optimizing NNI: done in 0.48897 secs using 4982% CPU
BETTER TREE FOUND at iteration 29: -5172.854
Optimizing NNI: done in 0.456654 secs using 4990% CPU
Iteration 30 / LogL: -5172.857 / Time: 0h:0m:13s (0h:0m:46s left)
Optimizing NNI: done in 0.45089 secs using 4969% CPU
Optimizing NNI: done in 0.377534 secs using 4974% CPU
Optimizing NNI: done in 0.398072 secs using 4972% CPU
Optimizing NNI: done in 0.327339 secs using 5002% CPU
Optimizing NNI: done in 0.545754 secs using 5003% CPU
Optimizing NNI: done in 0.454789 secs using 5013% CPU
Optimizing NNI: done in 0.420053 secs using 4998% CPU
Optimizing NNI: done in 0.503713 secs using 5001% CPU
Optimizing NNI: done in 0.429067 secs using 4987% CPU
Optimizing NNI: done in 0.48259 secs using 5011% CPU
Iteration 40 / LogL: -5172.858 / Time: 0h:0m:18s (0h:0m:41s left)
Optimizing NNI: done in 0.425564 secs using 4982% CPU
Optimizing NNI: done in 0.435311 secs using 5006% CPU
Optimizing NNI: done in 0.477329 secs using 5027% CPU
Optimizing NNI: done in 0.341118 secs using 4984% CPU
Optimizing NNI: done in 0.372989 secs using 5037% CPU
Optimizing NNI: done in 0.451546 secs using 5001% CPU
Optimizing NNI: done in 0.431943 secs using 5000% CPU
Optimizing NNI: done in 0.422699 secs using 5013% CPU
Optimizing NNI: done in 0.453068 secs using 4951% CPU
Optimizing NNI: done in 0.459589 secs using 5000% CPU
Iteration 50 / LogL: -5173.426 / Time: 0h:0m:22s (0h:0m:36s left)
Log-likelihood cutoff on original alignment: -5208.955
UFBoot trees printed to tree-RML/phylo/iqtree/iqtree.ufboot
Optimizing NNI: done in 0.625217 secs using 4988% CPU
Optimizing NNI: done in 0.496815 secs using 4992% CPU
Optimizing NNI: done in 0.452224 secs using 4973% CPU
Optimizing NNI: done in 0.412513 secs using 4994% CPU
Optimizing NNI: done in 0.531595 secs using 4982% CPU
Optimizing NNI: done in 0.28385 secs using 5001% CPU
Optimizing NNI: done in 0.421653 secs using 5010% CPU
Optimizing NNI: done in 0.578804 secs using 5003% CPU
Optimizing NNI: done in 0.410092 secs using 5006% CPU
Optimizing NNI: done in 0.434697 secs using 5003% CPU
Iteration 60 / LogL: -5175.030 / Time: 0h:0m:27s (0h:0m:31s left)
Optimizing NNI: done in 0.435524 secs using 4990% CPU
Optimizing NNI: done in 0.319218 secs using 4970% CPU
Optimizing NNI: done in 0.337919 secs using 4971% CPU
Optimizing NNI: done in 0.531859 secs using 5000% CPU
Optimizing NNI: done in 0.357563 secs using 4964% CPU
Optimizing NNI: done in 0.354999 secs using 5013% CPU
Optimizing NNI: done in 0.347394 secs using 4996% CPU
Optimizing NNI: done in 0.480204 secs using 4977% CPU
Optimizing NNI: done in 0.533263 secs using 4988% CPU
Optimizing NNI: done in 0.309548 secs using 4974% CPU
Iteration 70 / LogL: -5180.236 / Time: 0h:0m:31s (0h:0m:26s left)
Optimizing NNI: done in 0.323537 secs using 4975% CPU
Optimizing NNI: done in 0.459284 secs using 4965% CPU
Optimizing NNI: done in 0.56008 secs using 4999% CPU
Optimizing NNI: done in 0.392153 secs using 4979% CPU
Optimizing NNI: done in 0.503447 secs using 5002% CPU
Optimizing NNI: done in 0.390493 secs using 5010% CPU
Optimizing NNI: done in 0.30353 secs using 4999% CPU
Optimizing NNI: done in 0.56283 secs using 4996% CPU
Optimizing NNI: done in 0.321158 secs using 5012% CPU
BETTER TREE FOUND at iteration 79: -5172.853
Optimizing NNI: done in 0.328005 secs using 4983% CPU
Iteration 80 / LogL: -5172.854 / Time: 0h:0m:35s (0h:0m:44s left)
Optimizing NNI: done in 0.313474 secs using 4977% CPU
Optimizing NNI: done in 0.381742 secs using 5002% CPU
Optimizing NNI: done in 0.447816 secs using 4987% CPU
Optimizing NNI: done in 0.440168 secs using 5013% CPU
Optimizing NNI: done in 0.472199 secs using 4991% CPU
Optimizing NNI: done in 0.392507 secs using 5015% CPU
Optimizing NNI: done in 0.407895 secs using 4995% CPU
Optimizing NNI: done in 0.297633 secs using 5006% CPU
Optimizing NNI: done in 0.352827 secs using 4974% CPU
Optimizing NNI: done in 0.36692 secs using 5013% CPU
Iteration 90 / LogL: -5280.881 / Time: 0h:0m:39s (0h:0m:39s left)
Optimizing NNI: done in 0.426513 secs using 5008% CPU
Optimizing NNI: done in 0.262283 secs using 5015% CPU
Optimizing NNI: done in 0.289436 secs using 5015% CPU
Optimizing NNI: done in 0.40857 secs using 4983% CPU
Optimizing NNI: done in 0.351973 secs using 5000% CPU
Optimizing NNI: done in 0.427826 secs using 4993% CPU
Optimizing NNI: done in 0.351679 secs using 4974% CPU
Optimizing NNI: done in 0.370533 secs using 4966% CPU
Optimizing NNI: done in 0.433631 secs using 4980% CPU
Optimizing NNI: done in 0.534064 secs using 4910% CPU
Iteration 100 / LogL: -5173.423 / Time: 0h:0m:43s (0h:0m:34s left)
Log-likelihood cutoff on original alignment: -5208.955
NOTE: Bootstrap correlation coefficient of split occurrence frequencies: 0.995
UFBoot trees printed to tree-RML/phylo/iqtree/iqtree.ufboot
Optimizing NNI: done in 0.352382 secs using 4995% CPU
Optimizing NNI: done in 0.36916 secs using 5004% CPU
Optimizing NNI: done in 0.52747 secs using 4983% CPU
Optimizing NNI: done in 0.273933 secs using 4953% CPU
Optimizing NNI: done in 0.465019 secs using 4976% CPU
Optimizing NNI: done in 0.338641 secs using 5001% CPU
Optimizing NNI: done in 0.498856 secs using 4985% CPU
Optimizing NNI: done in 0.285782 secs using 4968% CPU
Optimizing NNI: done in 0.499916 secs using 4995% CPU
Optimizing NNI: done in 0.325258 secs using 4980% CPU
Iteration 110 / LogL: -5173.425 / Time: 0h:0m:47s (0h:0m:39s left)
Optimizing NNI: done in 0.341623 secs using 4976% CPU
Optimizing NNI: done in 0.308318 secs using 4995% CPU
Optimizing NNI: done in 0.26939 secs using 4972% CPU
Optimizing NNI: done in 0.504883 secs using 4990% CPU
Optimizing NNI: done in 0.467748 secs using 4976% CPU
Optimizing NNI: done in 0.461515 secs using 4975% CPU
Optimizing NNI: done in 0.40378 secs using 4989% CPU
Optimizing NNI: done in 0.413656 secs using 4975% CPU
Optimizing NNI: done in 0.377316 secs using 4973% CPU
Optimizing NNI: done in 0.309544 secs using 4965% CPU
Iteration 120 / LogL: -5205.367 / Time: 0h:0m:51s (0h:0m:34s left)
Optimizing NNI: done in 0.447536 secs using 4985% CPU
Optimizing NNI: done in 0.400324 secs using 4992% CPU
Optimizing NNI: done in 0.427635 secs using 5003% CPU
Optimizing NNI: done in 0.491075 secs using 4992% CPU
Optimizing NNI: done in 0.318064 secs using 4967% CPU
Optimizing NNI: done in 0.517175 secs using 4986% CPU
Optimizing NNI: done in 0.28914 secs using 4977% CPU
Optimizing NNI: done in 0.303075 secs using 5015% CPU
UPDATE BEST LOG-LIKELIHOOD: -5172.853
Optimizing NNI: done in 0.439749 secs using 4979% CPU
Optimizing NNI: done in 0.319807 secs using 4993% CPU
Iteration 130 / LogL: -5173.429 / Time: 0h:0m:55s (0h:0m:30s left)
Optimizing NNI: done in 0.473334 secs using 4985% CPU
Optimizing NNI: done in 0.35813 secs using 4969% CPU
Optimizing NNI: done in 0.510944 secs using 5009% CPU
Optimizing NNI: done in 0.373374 secs using 5014% CPU
Optimizing NNI: done in 0.351568 secs using 4984% CPU
Optimizing NNI: done in 0.413937 secs using 4973% CPU
Optimizing NNI: done in 0.323005 secs using 5010% CPU
Optimizing NNI: done in 0.448074 secs using 4976% CPU
Optimizing NNI: done in 0.26743 secs using 4994% CPU
Optimizing NNI: done in 0.506662 secs using 4973% CPU
Iteration 140 / LogL: -5172.855 / Time: 0h:0m:59s (0h:0m:25s left)
Optimizing NNI: done in 0.396004 secs using 4995% CPU
Optimizing NNI: done in 0.42136 secs using 4971% CPU
Optimizing NNI: done in 0.349584 secs using 5007% CPU
BETTER TREE FOUND at iteration 143: -5172.853
Optimizing NNI: done in 0.324931 secs using 5009% CPU
Optimizing NNI: done in 0.352061 secs using 4973% CPU
Optimizing NNI: done in 0.383141 secs using 4997% CPU
Optimizing NNI: done in 0.466791 secs using 4988% CPU
Optimizing NNI: done in 0.382658 secs using 4966% CPU
UPDATE BEST LOG-LIKELIHOOD: -5172.853
Optimizing NNI: done in 0.426504 secs using 4999% CPU
Optimizing NNI: done in 0.395285 secs using 4959% CPU
Iteration 150 / LogL: -5176.214 / Time: 0h:1m:3s (0h:0m:39s left)
Log-likelihood cutoff on original alignment: -5208.955
UFBoot trees printed to tree-RML/phylo/iqtree/iqtree.ufboot
Optimizing NNI: done in 0.515211 secs using 5006% CPU
Optimizing NNI: done in 0.30695 secs using 4952% CPU
Optimizing NNI: done in 0.364761 secs using 5010% CPU
Optimizing NNI: done in 0.393522 secs using 4980% CPU
Optimizing NNI: done in 0.397023 secs using 4983% CPU
Optimizing NNI: done in 0.368177 secs using 4981% CPU
Optimizing NNI: done in 0.39802 secs using 5011% CPU
Optimizing NNI: done in 0.433415 secs using 4984% CPU
Optimizing NNI: done in 0.383476 secs using 5006% CPU
Optimizing NNI: done in 0.42923 secs using 4986% CPU
Iteration 160 / LogL: -5205.630 / Time: 0h:1m:7s (0h:0m:35s left)
Optimizing NNI: done in 0.422303 secs using 5011% CPU
Optimizing NNI: done in 0.584569 secs using 4994% CPU
Optimizing NNI: done in 0.423749 secs using 5003% CPU
Optimizing NNI: done in 0.514468 secs using 4987% CPU
Optimizing NNI: done in 0.347015 secs using 5003% CPU
Optimizing NNI: done in 0.473851 secs using 4980% CPU
Optimizing NNI: done in 0.570693 secs using 5001% CPU
Optimizing NNI: done in 0.345417 secs using 4978% CPU
Optimizing NNI: done in 0.519172 secs using 5000% CPU
Optimizing NNI: done in 0.342551 secs using 4960% CPU
Iteration 170 / LogL: -5181.866 / Time: 0h:1m:12s (0h:0m:31s left)
Optimizing NNI: done in 0.414267 secs using 4996% CPU
Optimizing NNI: done in 0.502134 secs using 4976% CPU
Optimizing NNI: done in 0.416233 secs using 4970% CPU
Optimizing NNI: done in 0.613713 secs using 4999% CPU
Optimizing NNI: done in 0.318369 secs using 4963% CPU
Optimizing NNI: done in 0.415357 secs using 4985% CPU
Optimizing NNI: done in 0.331327 secs using 4997% CPU
Optimizing NNI: done in 0.380458 secs using 4993% CPU
Optimizing NNI: done in 0.277436 secs using 4970% CPU
Optimizing NNI: done in 0.265286 secs using 5024% CPU
Iteration 180 / LogL: -5172.855 / Time: 0h:1m:16s (0h:0m:26s left)
Optimizing NNI: done in 0.414151 secs using 4990% CPU
Optimizing NNI: done in 0.409339 secs using 4980% CPU
Optimizing NNI: done in 0.305293 secs using 5021% CPU
Optimizing NNI: done in 0.435563 secs using 4976% CPU
Optimizing NNI: done in 0.467611 secs using 4983% CPU
Optimizing NNI: done in 0.437202 secs using 5013% CPU
Optimizing NNI: done in 0.440506 secs using 4992% CPU
UPDATE BEST LOG-LIKELIHOOD: -5172.853
Optimizing NNI: done in 0.429442 secs using 4978% CPU
Optimizing NNI: done in 0.311762 secs using 4981% CPU
Optimizing NNI: done in 0.513319 secs using 4975% CPU
Iteration 190 / LogL: -5176.212 / Time: 0h:1m:20s (0h:0m:22s left)
Optimizing NNI: done in 0.498575 secs using 4990% CPU
Optimizing NNI: done in 0.281602 secs using 4965% CPU
Optimizing NNI: done in 0.341392 secs using 5006% CPU
Optimizing NNI: done in 0.463317 secs using 4965% CPU
Optimizing NNI: done in 0.362949 secs using 4984% CPU
Optimizing NNI: done in 0.484927 secs using 4979% CPU
Optimizing NNI: done in 0.323654 secs using 4979% CPU
Optimizing NNI: done in 0.290882 secs using 5002% CPU
Optimizing NNI: done in 0.417737 secs using 4980% CPU
Optimizing NNI: done in 0.296571 secs using 4971% CPU
Iteration 200 / LogL: -5172.863 / Time: 0h:1m:24s (0h:0m:18s left)
Log-likelihood cutoff on original alignment: -5208.955
NOTE: Bootstrap correlation coefficient of split occurrence frequencies: 0.999
UFBoot trees printed to tree-RML/phylo/iqtree/iqtree.ufboot
Optimizing NNI: done in 0.40526 secs using 4984% CPU
Optimizing NNI: done in 0.537091 secs using 4977% CPU
Optimizing NNI: done in 0.369578 secs using 4975% CPU
Optimizing NNI: done in 0.349351 secs using 5006% CPU
Optimizing NNI: done in 0.396496 secs using 4990% CPU
Optimizing NNI: done in 0.293271 secs using 5022% CPU
Optimizing NNI: done in 0.361246 secs using 4981% CPU
Optimizing NNI: done in 0.417965 secs using 5005% CPU
Optimizing NNI: done in 0.455094 secs using 5003% CPU
Optimizing NNI: done in 0.365425 secs using 4974% CPU
Iteration 210 / LogL: -5172.854 / Time: 0h:1m:28s (0h:0m:38s left)
Optimizing NNI: done in 0.487961 secs using 4998% CPU
Optimizing NNI: done in 0.340771 secs using 4989% CPU
BETTER TREE FOUND at iteration 212: -5172.852
Optimizing NNI: done in 0.48179 secs using 5007% CPU
Optimizing NNI: done in 0.327462 secs using 5006% CPU
Optimizing NNI: done in 0.317831 secs using 5020% CPU
Optimizing NNI: done in 0.546887 secs using 4973% CPU
Optimizing NNI: done in 0.444939 secs using 4988% CPU
Optimizing NNI: done in 0.445334 secs using 4972% CPU
UPDATE BEST LOG-LIKELIHOOD: -5172.848
Optimizing NNI: done in 0.554482 secs using 4977% CPU
Optimizing NNI: done in 0.617798 secs using 4985% CPU
Iteration 220 / LogL: -5172.853 / Time: 0h:1m:33s (0h:0m:39s left)
Optimizing NNI: done in 0.449138 secs using 4971% CPU
Optimizing NNI: done in 0.430265 secs using 4973% CPU
Optimizing NNI: done in 0.324681 secs using 4990% CPU
Optimizing NNI: done in 0.346898 secs using 5011% CPU
Optimizing NNI: done in 0.350637 secs using 4959% CPU
Optimizing NNI: done in 0.454095 secs using 4962% CPU
Optimizing NNI: done in 0.330671 secs using 4959% CPU
Optimizing NNI: done in 0.38399 secs using 4998% CPU
Optimizing NNI: done in 0.409405 secs using 4983% CPU
Optimizing NNI: done in 0.373755 secs using 5001% CPU
Iteration 230 / LogL: -5172.862 / Time: 0h:1m:37s (0h:0m:34s left)
Optimizing NNI: done in 0.357577 secs using 4969% CPU
Optimizing NNI: done in 0.476931 secs using 4987% CPU
Optimizing NNI: done in 0.466527 secs using 4996% CPU
Optimizing NNI: done in 0.381977 secs using 5012% CPU
Optimizing NNI: done in 0.50676 secs using 4973% CPU
Optimizing NNI: done in 0.575507 secs using 5003% CPU
Optimizing NNI: done in 0.504042 secs using 4999% CPU
Optimizing NNI: done in 0.398208 secs using 5012% CPU
Optimizing NNI: done in 0.406519 secs using 4969% CPU
Optimizing NNI: done in 0.440199 secs using 4996% CPU
Iteration 240 / LogL: -5172.855 / Time: 0h:1m:41s (0h:0m:30s left)
Optimizing NNI: done in 0.427539 secs using 5003% CPU
Optimizing NNI: done in 0.3861 secs using 4969% CPU
Optimizing NNI: done in 0.317748 secs using 4972% CPU
Optimizing NNI: done in 0.420197 secs using 4975% CPU
Optimizing NNI: done in 0.3705 secs using 4966% CPU
Optimizing NNI: done in 0.442849 secs using 4987% CPU
Optimizing NNI: done in 0.386178 secs using 4998% CPU
Optimizing NNI: done in 0.430271 secs using 5009% CPU
Optimizing NNI: done in 0.439062 secs using 5009% CPU
Optimizing NNI: done in 0.461202 secs using 4987% CPU
Iteration 250 / LogL: -5172.857 / Time: 0h:1m:46s (0h:0m:26s left)
Log-likelihood cutoff on original alignment: -5208.955
UFBoot trees printed to tree-RML/phylo/iqtree/iqtree.ufboot
Optimizing NNI: done in 0.493421 secs using 5010% CPU
Optimizing NNI: done in 0.39764 secs using 5009% CPU
Optimizing NNI: done in 0.358935 secs using 4994% CPU
Optimizing NNI: done in 0.515783 secs using 4981% CPU
Optimizing NNI: done in 0.48103 secs using 4989% CPU
Optimizing NNI: done in 0.495012 secs using 4969% CPU
Optimizing NNI: done in 0.387343 secs using 5008% CPU
Optimizing NNI: done in 0.397941 secs using 5009% CPU
Optimizing NNI: done in 0.541658 secs using 5011% CPU
Optimizing NNI: done in 0.388765 secs using 4982% CPU
Iteration 260 / LogL: -5173.417 / Time: 0h:1m:50s (0h:0m:22s left)
Optimizing NNI: done in 0.331277 secs using 4951% CPU
Optimizing NNI: done in 0.414041 secs using 4970% CPU
Optimizing NNI: done in 0.359382 secs using 5000% CPU
Optimizing NNI: done in 0.470294 secs using 4997% CPU
Optimizing NNI: done in 0.414262 secs using 4992% CPU
Optimizing NNI: done in 0.367703 secs using 4972% CPU
Optimizing NNI: done in 0.461658 secs using 4977% CPU
Optimizing NNI: done in 0.401053 secs using 4985% CPU
Optimizing NNI: done in 0.53275 secs using 4992% CPU
Optimizing NNI: done in 0.479185 secs using 4992% CPU
Iteration 270 / LogL: -5173.430 / Time: 0h:1m:55s (0h:0m:17s left)
Optimizing NNI: done in 0.429361 secs using 4983% CPU
Optimizing NNI: done in 0.444369 secs using 4970% CPU
Optimizing NNI: done in 0.277573 secs using 4966% CPU
Optimizing NNI: done in 0.474255 secs using 4977% CPU
Optimizing NNI: done in 0.409487 secs using 4977% CPU
Optimizing NNI: done in 0.443056 secs using 5010% CPU
Optimizing NNI: done in 0.337623 secs using 4964% CPU
Optimizing NNI: done in 0.32951 secs using 4972% CPU
Optimizing NNI: done in 0.420782 secs using 4989% CPU
Optimizing NNI: done in 0.33834 secs using 4989% CPU
Iteration 280 / LogL: -5172.861 / Time: 0h:1m:59s (0h:0m:13s left)
Optimizing NNI: done in 0.41593 secs using 4999% CPU
Optimizing NNI: done in 0.334197 secs using 5017% CPU
Optimizing NNI: done in 0.488567 secs using 4986% CPU
Optimizing NNI: done in 0.332706 secs using 5011% CPU
Optimizing NNI: done in 0.343769 secs using 4987% CPU
Optimizing NNI: done in 0.541625 secs using 4985% CPU
Optimizing NNI: done in 0.342251 secs using 4992% CPU
Optimizing NNI: done in 0.367727 secs using 5003% CPU
Optimizing NNI: done in 0.450644 secs using 5002% CPU
Optimizing NNI: done in 0.312059 secs using 4971% CPU
Iteration 290 / LogL: -5173.419 / Time: 0h:2m:3s (0h:0m:9s left)
Optimizing NNI: done in 0.34369 secs using 5003% CPU
Optimizing NNI: done in 0.450726 secs using 4999% CPU
Optimizing NNI: done in 0.28936 secs using 5012% CPU
Optimizing NNI: done in 0.607539 secs using 4991% CPU
Optimizing NNI: done in 0.379306 secs using 4957% CPU
Optimizing NNI: done in 0.427138 secs using 5007% CPU
Optimizing NNI: done in 0.437769 secs using 5010% CPU
Optimizing NNI: done in 0.356579 secs using 4976% CPU
Optimizing NNI: done in 0.399647 secs using 5002% CPU
Optimizing NNI: done in 0.297648 secs using 5011% CPU
Iteration 300 / LogL: -5172.849 / Time: 0h:2m:7s (0h:0m:5s left)
Log-likelihood cutoff on original alignment: -5208.955
NOTE: Bootstrap correlation coefficient of split occurrence frequencies: 0.999
UFBoot trees printed to tree-RML/phylo/iqtree/iqtree.ufboot
Optimizing NNI: done in 0.380749 secs using 4970% CPU
Optimizing NNI: done in 0.456469 secs using 4974% CPU
Optimizing NNI: done in 0.453632 secs using 5007% CPU
Optimizing NNI: done in 0.364357 secs using 5015% CPU
Optimizing NNI: done in 0.383454 secs using 4985% CPU
Optimizing NNI: done in 0.361965 secs using 4969% CPU
Optimizing NNI: done in 0.44334 secs using 4990% CPU
Optimizing NNI: done in 0.411309 secs using 5008% CPU
Optimizing NNI: done in 0.461227 secs using 5007% CPU
Optimizing NNI: done in 0.463543 secs using 4975% CPU
Iteration 310 / LogL: -5173.893 / Time: 0h:2m:11s (0h:0m:38s left)
Optimizing NNI: done in 0.328207 secs using 4984% CPU
Optimizing NNI: done in 0.380715 secs using 4989% CPU
Optimizing NNI: done in 0.376118 secs using 4996% CPU
TREE SEARCH COMPLETED AFTER 313 ITERATIONS / Time: 0h:2m:12s

--------------------------------------------------------------------
|                    FINALIZING TREE SEARCH                        |
--------------------------------------------------------------------
Performs final model parameters optimization
Estimate model parameters (epsilon = 0.010)
1. Initial log-likelihood: -5172.848
Optimal log-likelihood: -5172.848
Gamma shape alpha: 0.280
Parameters optimization took 1 rounds (0.016 sec)
BEST SCORE FOUND : -5172.848
Creating bootstrap support values...
Split supports printed to NEXUS file tree-RML/phylo/iqtree/iqtree.splits.nex
Total tree length: 0.493

Total number of iterations: 313
CPU time used for tree search: 6517.294 sec (1h:48m:37s)
Wall-clock time used for tree search: 132.620 sec (0h:2m:12s)
Total CPU time used: 6528.649 sec (1h:48m:48s)
Total wall-clock time used: 133.047 sec (0h:2m:13s)
UFBoot trees printed to tree-RML/phylo/iqtree/iqtree.ufboot

Computing bootstrap consensus tree...
Reading input file tree-RML/phylo/iqtree/iqtree.splits.nex...
43 taxa and 682 splits.
Consensus tree written to tree-RML/phylo/iqtree/iqtree.contree
Reading input trees file tree-RML/phylo/iqtree/iqtree.contree
Log-likelihood of consensus tree: -5172.874

Analysis results written to: 
  IQ-TREE report:                tree-RML/phylo/iqtree/iqtree.iqtree
  Maximum-likelihood tree:       tree-RML/phylo/iqtree/iqtree.treefile
  Likelihood distances:          tree-RML/phylo/iqtree/iqtree.mldist

Ultrafast bootstrap approximation results written to:
  Split support values:          tree-RML/phylo/iqtree/iqtree.splits.nex
  Consensus tree:                tree-RML/phylo/iqtree/iqtree.contree
  UFBoot trees:                  tree-RML/phylo/iqtree/iqtree.ufboot
  Screen log file:               tree-RML/phylo/iqtree/iqtree.log

Date and Time: Sat Jan 31 12:44:07 2026
