IQ-TREE multicore version 2.4.0 for Linux x86 64-bit built Feb  7 2025
Developed by Bui Quang Minh, Nguyen Lam Tung, Olga Chernomor, Heiko Schmidt,
Dominik Schrempf, Michael Woodhams, Ly Trong Nhan, Thomas Wong

Host:    cuhk-mic (AVX512, FMA3, 376 GB RAM)
Command: iqtree2 -s cytb.aln -pre iqtree -T 1 -redo -m MFP -te mammals_unrooted.tre
Seed:    967160 (Using SPRNG - Scalable Parallel Random Number Generator)
Time:    Tue Jan 27 10:56:14 2026
Kernel:  AVX+FMA - 1 threads (72 CPU cores detected)

HINT: Use -nt option to specify number of threads because your CPU has 72 cores!
HINT: -nt AUTO will automatically determine the best number of threads to use.

Reading alignment file cytb.aln ... Fasta format detected
Reading fasta file: done in 0.00024855 secs
Alignment most likely contains protein sequences
WARNING: 1 sites contain only gaps or ambiguous characters.
Alignment has 14 sequences with 382 columns, 156 distinct patterns
82 parsimony-informative, 57 singleton sites, 243 constant sites
                              Gap/Ambiguity  Composition  p-value
Analyzing sequences: done in 2.44062e-05 secs
   1  Pseudois_nayaur                 0.79%    passed    100.00%
   2  Homo_sapiens                    0.52%    passed     98.49%
   3  Sus_scrofa_domesticus           0.79%    passed    100.00%
   4  Ochotona_curzoniae              0.79%    passed    100.00%
   5  Rhinopithecus_bieti             0.79%    passed     96.80%
   6  Pantholops_hodgsonii            0.52%    passed    100.00%
   7  Equus_kiang                     0.79%    passed    100.00%
   8  Bos_taurus                      0.79%    passed    100.00%
   9  Equus_caballus                  0.79%    passed    100.00%
  10  Ovis_aries                      0.79%    passed    100.00%
  11  Bos_grunniens                   0.79%    passed    100.00%
  12  Bos_mutus                       0.79%    passed    100.00%
  13  Canis_lupus_laniger             0.79%    passed    100.00%
  14  Eospalax_fontanierii_baileyi    0.26%    passed    100.00%
****  TOTAL                           0.71%  0 sequences failed composition chi2 test (p-value<5%; df=19)

Reading input tree file mammals_unrooted.tre ...
WARNING: 16 undefined/negative branch lengths are initialized with parsimony
Perform fast likelihood tree search using LG+I+G model...
Estimate model parameters (epsilon = 5.000)
Time for fast ML tree search: 0.041 seconds

NOTE: ModelFinder requires 3 MB RAM!
ModelFinder will test up to 1232 protein models (sample size: 382 epsilon: 0.100) ...
 No. Model         -LnL         df  AIC          AICc         BIC
  1  LG            3345.127     16  6722.253     6723.744     6785.380
  2  LG+I          3146.674     17  6327.348     6329.029     6394.420
  3  LG+G4         3100.668     17  6235.336     6237.017     6302.408
  4  LG+I+G4       3097.568     18  6231.136     6233.020     6302.154
  5  LG+R2         3101.969     18  6239.938     6241.822     6310.955
  6  LG+R3         3096.525     20  6233.050     6235.377     6311.958
 14  LG+I+R2       3097.256     19  6232.513     6234.612     6307.476
 15  LG+I+R3       3092.923     21  6227.845     6230.412     6310.699
 25  LG+F+G4       2998.861     36  6069.722     6077.444     6211.758
 26  LG+F+I+G4     2995.782     37  6065.564     6073.739     6211.545
 27  LG+F+R2       3000.161     37  6074.321     6082.496     6220.302
 28  LG+F+R3       2991.202     39  6060.404     6069.526     6214.275
 36  LG+F+I+R2     2995.844     38  6067.687     6076.329     6217.613
 37  LG+F+I+R3     2990.227     40  6060.454     6070.073     6218.271
 47  WAG+G4        3136.906     17  6307.813     6309.494     6374.885
 48  WAG+I+G4      3134.143     18  6304.286     6306.170     6375.303
 49  WAG+R2        3138.070     18  6312.141     6314.025     6383.158
 50  WAG+R3        3134.709     20  6309.418     6311.745     6388.326
 58  WAG+I+R2      3132.981     19  6303.961     6306.061     6378.924
 59  WAG+I+R3      3130.824     21  6303.648     6306.215     6386.502
 69  WAG+F+G4      3011.899     36  6095.798     6103.520     6237.833
 70  WAG+F+I+G4    3009.001     37  6092.002     6100.176     6237.982
 71  WAG+F+R2      3012.741     37  6099.483     6107.657     6245.463
 72  WAG+F+R3      3006.818     39  6091.637     6100.760     6245.508
 80  WAG+F+I+R2    3008.227     38  6092.453     6101.095     6242.379
 81  WAG+F+I+R3    3005.133     40  6090.266     6099.885     6248.083
 91  JTT+G4        3099.796     17  6233.593     6235.274     6300.665
 92  JTT+I+G4      3097.211     18  6230.421     6232.305     6301.439
 93  JTT+R2        3100.180     18  6236.361     6238.245     6307.378
 94  JTT+R3        3096.429     20  6232.857     6235.184     6311.766
102  JTT+I+R2      3096.071     19  6230.142     6232.241     6305.105
103  JTT+I+R3      3094.124     21  6230.247     6232.814     6313.101
113  JTT+F+G4      2987.859     36  6047.717     6055.439     6189.752
114  JTT+F+I+G4    2985.199     37  6044.398     6052.572     6190.378
115  JTT+F+R2      2987.725     37  6049.449     6057.623     6195.430
116  JTT+F+R3      2982.199     39  6042.398     6051.521     6196.269
124  JTT+F+I+R2    2984.830     38  6045.661     6054.302     6195.587
125  JTT+F+I+R3    2981.547     40  6043.093     6052.712     6200.910
WARNING: Normalizing state frequencies so that sum of them equals to 1
135  Q.pfam+G4     3105.771     17  6245.541     6247.223     6312.614
WARNING: Normalizing state frequencies so that sum of them equals to 1
136  Q.pfam+I+G4   3102.603     18  6241.206     6243.090     6312.223
WARNING: Normalizing state frequencies so that sum of them equals to 1
137  Q.pfam+R2     3106.687     18  6249.373     6251.258     6320.391
WARNING: Normalizing state frequencies so that sum of them equals to 1
138  Q.pfam+R3     3100.629     20  6241.258     6243.585     6320.167
WARNING: Normalizing state frequencies so that sum of them equals to 1
146  Q.pfam+I+R2   3101.440     19  6240.879     6242.979     6315.842
WARNING: Normalizing state frequencies so that sum of them equals to 1
147  Q.pfam+I+R3   3097.490     21  6236.979     6239.546     6319.833
WARNING: Normalizing state frequencies so that sum of them equals to 1
157  Q.pfam+F+G4   3001.585     36  6075.170     6082.892     6217.205
WARNING: Normalizing state frequencies so that sum of them equals to 1
158  Q.pfam+F+I+G4 2998.266     37  6070.531     6078.705     6216.512
WARNING: Normalizing state frequencies so that sum of them equals to 1
159  Q.pfam+F+R2   3002.681     37  6079.363     6087.537     6225.343
WARNING: Normalizing state frequencies so that sum of them equals to 1
160  Q.pfam+F+R3   2993.537     39  6065.074     6074.197     6218.945
WARNING: Normalizing state frequencies so that sum of them equals to 1
168  Q.pfam+F+I+R2 2997.853     38  6071.706     6080.347     6221.632
WARNING: Normalizing state frequencies so that sum of them equals to 1
169  Q.pfam+F+I+R3 2992.308     40  6064.616     6074.234     6222.432
WARNING: Normalizing state frequencies so that sum of them equals to 1
179  Q.bird+G4     3113.401     17  6260.801     6262.482     6327.873
WARNING: Normalizing state frequencies so that sum of them equals to 1
180  Q.bird+I+G4   3109.008     18  6254.016     6255.900     6325.033
WARNING: Normalizing state frequencies so that sum of them equals to 1
181  Q.bird+R2     3114.626     18  6265.253     6267.137     6336.270
WARNING: Normalizing state frequencies so that sum of them equals to 1
182  Q.bird+R3     3104.645     20  6249.289     6251.616     6328.198
WARNING: Normalizing state frequencies so that sum of them equals to 1
190  Q.bird+I+R2   3108.808     19  6255.615     6257.715     6330.578
WARNING: Normalizing state frequencies so that sum of them equals to 1
191  Q.bird+I+R3   3102.621     21  6247.243     6249.809     6330.096
WARNING: Normalizing state frequencies so that sum of them equals to 1
201  Q.bird+F+G4   2986.184     36  6044.368     6052.090     6186.404
WARNING: Normalizing state frequencies so that sum of them equals to 1
202  Q.bird+F+I+G4 2982.053     37  6038.107     6046.281     6184.088
WARNING: Normalizing state frequencies so that sum of them equals to 1
203  Q.bird+F+R2   2987.770     37  6049.541     6057.715     6195.521
WARNING: Normalizing state frequencies so that sum of them equals to 1
204  Q.bird+F+R3   2975.561     39  6029.122     6038.245     6182.994
WARNING: Normalizing state frequencies so that sum of them equals to 1
212  Q.bird+F+I+R2 2982.503     38  6041.005     6049.647     6190.931
WARNING: Normalizing state frequencies so that sum of them equals to 1
213  Q.bird+F+I+R3 2975.096     40  6030.192     6039.811     6188.009
WARNING: Normalizing state frequencies so that sum of them equals to 1
223  Q.mammal+G4   3116.370     17  6266.741     6268.422     6333.813
WARNING: Normalizing state frequencies so that sum of them equals to 1
224  Q.mammal+I+G4 3112.632     18  6261.264     6263.149     6332.282
WARNING: Normalizing state frequencies so that sum of them equals to 1
225  Q.mammal+R2   3116.503     18  6269.006     6270.890     6340.023
WARNING: Normalizing state frequencies so that sum of them equals to 1
226  Q.mammal+R3   3108.435     20  6256.871     6259.198     6335.779
WARNING: Normalizing state frequencies so that sum of them equals to 1
234  Q.mammal+I+R2 3111.386     19  6260.773     6262.872     6335.736
WARNING: Normalizing state frequencies so that sum of them equals to 1
235  Q.mammal+I+R3 3106.392     21  6254.784     6257.350     6337.638
WARNING: Normalizing state frequencies so that sum of them equals to 1
245  Q.mammal+F+G4 2984.854     36  6041.709     6049.431     6183.744
WARNING: Normalizing state frequencies so that sum of them equals to 1
246  Q.mammal+F+I+G4 2980.962     37  6035.923     6044.098     6181.904
WARNING: Normalizing state frequencies so that sum of them equals to 1
247  Q.mammal+F+R2 2985.450     37  6044.901     6053.075     6190.881
WARNING: Normalizing state frequencies so that sum of them equals to 1
248  Q.mammal+F+R3 2975.273     39  6028.547     6037.670     6182.418
WARNING: Normalizing state frequencies so that sum of them equals to 1
256  Q.mammal+F+I+R2 2980.584     38  6037.168     6045.810     6187.094
WARNING: Normalizing state frequencies so that sum of them equals to 1
257  Q.mammal+F+I+R3 2974.450     40  6028.900     6038.519     6186.717
267  Q.insect+G4   3099.069     17  6232.138     6233.819     6299.210
268  Q.insect+I+G4 3096.325     18  6228.651     6230.535     6299.668
269  Q.insect+R2   3098.801     18  6233.602     6235.486     6304.620
270  Q.insect+R3   3093.493     20  6226.985     6229.312     6305.894
278  Q.insect+I+R2 3094.635     19  6227.270     6229.369     6302.233
279  Q.insect+I+R3 3091.219     21  6224.438     6227.005     6307.292
289  Q.insect+F+G4 2993.774     36  6059.547     6067.269     6201.582
290  Q.insect+F+I+G4 2991.011     37  6056.023     6064.197     6202.004
291  Q.insect+F+R2 2993.990     37  6061.981     6070.155     6207.961
292  Q.insect+F+R3 2986.335     39  6050.670     6059.793     6204.542
300  Q.insect+F+I+R2 2990.250     38  6056.501     6065.142     6206.427
301  Q.insect+F+I+R3 2985.341     40  6050.682     6060.300     6208.498
WARNING: Normalizing state frequencies so that sum of them equals to 1
311  Q.plant+G4    3075.893     17  6185.785     6187.466     6252.857
WARNING: Normalizing state frequencies so that sum of them equals to 1
312  Q.plant+I+G4  3072.209     18  6180.418     6182.302     6251.435
WARNING: Normalizing state frequencies so that sum of them equals to 1
313  Q.plant+R2    3077.371     18  6190.743     6192.627     6261.760
WARNING: Normalizing state frequencies so that sum of them equals to 1
314  Q.plant+R3    3069.764     20  6179.528     6181.855     6258.437
WARNING: Normalizing state frequencies so that sum of them equals to 1
322  Q.plant+I+R2  3071.433     19  6180.865     6182.965     6255.828
WARNING: Normalizing state frequencies so that sum of them equals to 1
323  Q.plant+I+R3  3066.907     21  6175.814     6178.381     6258.668
WARNING: Normalizing state frequencies so that sum of them equals to 1
333  Q.plant+F+G4  2973.099     36  6018.198     6025.920     6160.233
WARNING: Normalizing state frequencies so that sum of them equals to 1
334  Q.plant+F+I+G4 2969.486     37  6012.972     6021.147     6158.953
WARNING: Normalizing state frequencies so that sum of them equals to 1
335  Q.plant+F+R2  2974.776     37  6023.551     6031.725     6169.532
WARNING: Normalizing state frequencies so that sum of them equals to 1
336  Q.plant+F+R3  2965.426     39  6008.851     6017.974     6162.723
WARNING: Normalizing state frequencies so that sum of them equals to 1
344  Q.plant+F+I+R2 2969.700     38  6015.401     6024.042     6165.327
WARNING: Normalizing state frequencies so that sum of them equals to 1
345  Q.plant+F+I+R3 2964.194     40  6008.389     6018.008     6166.206
WARNING: Normalizing state frequencies so that sum of them equals to 1
355  Q.yeast+G4    3098.309     17  6230.618     6232.299     6297.690
WARNING: Normalizing state frequencies so that sum of them equals to 1
356  Q.yeast+I+G4  3095.466     18  6226.931     6228.815     6297.949
WARNING: Normalizing state frequencies so that sum of them equals to 1
357  Q.yeast+R2    3098.753     18  6233.507     6235.391     6304.524
WARNING: Normalizing state frequencies so that sum of them equals to 1
358  Q.yeast+R3    3092.274     20  6224.548     6226.875     6303.457
WARNING: Normalizing state frequencies so that sum of them equals to 1
366  Q.yeast+I+R2  3094.215     19  6226.430     6228.530     6301.393
WARNING: Normalizing state frequencies so that sum of them equals to 1
367  Q.yeast+I+R3  3089.866     21  6221.733     6224.299     6304.586
WARNING: Normalizing state frequencies so that sum of them equals to 1
377  Q.yeast+F+G4  2990.716     36  6053.433     6061.154     6195.468
WARNING: Normalizing state frequencies so that sum of them equals to 1
378  Q.yeast+F+I+G4 2988.016     37  6050.033     6058.207     6196.013
WARNING: Normalizing state frequencies so that sum of them equals to 1
379  Q.yeast+F+R2  2991.263     37  6056.526     6064.700     6202.507
WARNING: Normalizing state frequencies so that sum of them equals to 1
380  Q.yeast+F+R3  2982.956     39  6043.911     6053.034     6197.783
WARNING: Normalizing state frequencies so that sum of them equals to 1
388  Q.yeast+F+I+R2 2987.392     38  6050.783     6059.425     6200.709
WARNING: Normalizing state frequencies so that sum of them equals to 1
389  Q.yeast+F+I+R3 2981.958     40  6043.915     6053.534     6201.732
399  JTTDCMut+G4   3101.097     17  6236.195     6237.876     6303.267
400  JTTDCMut+I+G4 3098.608     18  6233.215     6235.099     6304.233
401  JTTDCMut+R2   3101.461     18  6238.921     6240.805     6309.939
402  JTTDCMut+R3   3098.149     20  6236.298     6238.625     6315.206
410  JTTDCMut+I+R2 3097.389     19  6232.779     6234.878     6307.742
411  JTTDCMut+I+R3 3095.762     21  6233.523     6236.090     6316.377
421  JTTDCMut+F+G4 2987.369     36  6046.739     6054.460     6188.774
422  JTTDCMut+F+I+G4 2984.822     37  6043.644     6051.818     6189.624
423  JTTDCMut+F+R2 2987.204     37  6048.408     6056.582     6194.388
424  JTTDCMut+F+R3 2981.869     39  6041.737     6050.860     6195.608
432  JTTDCMut+F+I+R2 2984.372     38  6044.744     6053.385     6194.670
433  JTTDCMut+F+I+R3 2981.158     40  6042.316     6051.934     6200.132
443  DCMut+G4      3163.531     17  6361.062     6362.743     6428.134
444  DCMut+I+G4    3161.207     18  6358.414     6360.299     6429.432
445  DCMut+R2      3165.921     18  6367.842     6369.726     6438.860
446  DCMut+R3      3162.883     20  6365.766     6368.092     6444.674
454  DCMut+I+R2    3160.024     19  6358.047     6360.147     6433.010
455  DCMut+I+R3    3159.538     21  6361.077     6363.644     6443.931
465  DCMut+F+G4    2999.889     36  6071.778     6079.500     6213.813
466  DCMut+F+I+G4  2997.382     37  6068.765     6076.939     6214.745
467  DCMut+F+R2    3000.569     37  6075.137     6083.312     6221.118
468  DCMut+F+R3    2996.552     39  6071.104     6080.227     6224.976
476  DCMut+F+I+R2  2996.444     38  6068.889     6077.530     6218.815
477  DCMut+F+I+R3  2994.996     40  6069.993     6079.612     6227.810
487  VT+G4         3130.392     17  6294.784     6296.465     6361.856
488  VT+I+G4       3128.133     18  6292.266     6294.150     6363.283
489  VT+R2         3130.233     18  6296.466     6298.351     6367.484
490  VT+R3         3128.021     20  6296.042     6298.369     6374.950
498  VT+I+R2       3126.702     19  6291.404     6293.504     6366.367
499  VT+I+R3       3126.072     21  6294.144     6296.710     6376.997
509  VT+F+G4       3020.285     36  6112.570     6120.292     6254.606
510  VT+F+I+G4     3017.935     37  6109.870     6118.045     6255.851
511  VT+F+R2       3019.813     37  6113.626     6121.801     6259.607
512  VT+F+R3       3015.822     39  6109.645     6118.768     6263.516
520  VT+F+I+R2     3016.960     38  6109.920     6118.561     6259.846
521  VT+F+I+R3     3015.073     40  6110.146     6119.764     6267.962
531  PMB+G4        3148.082     17  6330.164     6331.846     6397.236
532  PMB+I+G4      3145.902     18  6327.804     6329.688     6398.821
533  PMB+R2        3147.724     18  6331.449     6333.333     6402.466
534  PMB+R3        3145.628     20  6331.257     6333.584     6410.165
542  PMB+I+R2      3144.334     19  6326.669     6328.768     6401.632
543  PMB+I+R3      3143.671     21  6329.343     6331.909     6412.197
553  PMB+F+G4      3047.992     36  6167.983     6175.705     6310.018
554  PMB+F+I+G4    3045.413     37  6164.825     6173.000     6310.806
555  PMB+F+R2      3047.788     37  6169.577     6177.751     6315.558
556  PMB+F+R3      3043.342     39  6164.683     6173.806     6318.555
564  PMB+F+I+R2    3044.256     38  6164.513     6173.154     6314.439
565  PMB+F+I+R3    3042.266     40  6164.533     6174.151     6322.349
575  Blosum62+G4   3142.674     17  6319.348     6321.029     6386.420
576  Blosum62+I+G4 3140.570     18  6317.139     6319.024     6388.157
577  Blosum62+R2   3142.803     18  6321.606     6323.490     6392.624
578  Blosum62+R3   3140.113     20  6320.227     6322.554     6399.135
586  Blosum62+I+R2 3139.254     19  6316.508     6318.608     6391.471
587  Blosum62+I+R3 3138.455     21  6318.910     6321.476     6401.764
597  Blosum62+F+G4 3041.472     36  6154.944     6162.666     6296.980
598  Blosum62+F+I+G4 3039.361     37  6152.722     6160.896     6298.702
599  Blosum62+F+R2 3041.459     37  6156.919     6165.093     6302.899
600  Blosum62+F+R3 3036.953     39  6151.907     6161.029     6305.778
608  Blosum62+F+I+R2 3038.316     38  6152.631     6161.273     6302.557
609  Blosum62+F+I+R3 3036.040     40  6152.080     6161.699     6309.897
619  Dayhoff+G4    3162.944     17  6359.888     6361.569     6426.960
620  Dayhoff+I+G4  3160.501     18  6357.002     6358.886     6428.019
621  Dayhoff+R2    3165.461     18  6366.923     6368.807     6437.940
622  Dayhoff+R3    3161.872     20  6363.744     6366.071     6442.652
630  Dayhoff+I+R2  3159.439     19  6356.879     6358.978     6431.842
631  Dayhoff+I+R3  3158.888     21  6359.776     6362.342     6442.630
641  Dayhoff+F+G4  2999.361     36  6070.722     6078.444     6212.757
642  Dayhoff+F+I+G4 2996.788     37  6067.576     6075.751     6213.557
643  Dayhoff+F+R2  3000.064     37  6074.127     6082.302     6220.108
644  Dayhoff+F+R3  2995.718     39  6069.437     6078.559     6223.308
652  Dayhoff+F+I+R2 2995.916     38  6067.832     6076.474     6217.758
653  Dayhoff+F+I+R3 2994.450     40  6068.900     6078.519     6226.717
663  mtREV+G4      2957.869     17  5949.738     5951.420     6016.811
664  mtREV+I+G4    2956.912     18  5949.823     5951.708     6020.841
665  mtREV+R2      2960.087     18  5956.174     5958.059     6027.192
666  mtREV+R3      2955.523     20  5951.046     5953.373     6029.954
674  mtREV+I+R2    2956.315     19  5950.629     5952.729     6025.592
675  mtREV+I+R3    2953.767     21  5949.533     5952.100     6032.387
685  mtREV+F+G4    2950.968     36  5973.935     5981.657     6115.971
686  mtREV+F+I+G4  2950.018     37  5974.037     5982.211     6120.017
687  mtREV+F+R2    2953.155     37  5980.310     5988.484     6126.290
688  mtREV+F+R3    2948.693     39  5975.386     5984.508     6129.257
696  mtREV+F+I+R2  2949.600     38  5975.201     5983.842     6125.127
697  mtREV+F+I+R3  2947.411     40  5974.821     5984.440     6132.638
707  mtART+G4      2986.791     17  6007.583     6009.264     6074.655
708  mtART+I+G4    2984.892     18  6005.784     6007.669     6076.802
709  mtART+R2      2990.508     18  6017.015     6018.900     6088.033
710  mtART+R3      2981.518     20  6003.035     6005.362     6081.944
718  mtART+I+R2    2984.960     19  6007.921     6010.020     6082.884
719  mtART+I+R3    2979.719     21  6001.438     6004.005     6084.292
729  mtART+F+G4    2956.388     36  5984.776     5992.498     6126.811
730  mtART+F+I+G4  2953.875     37  5981.750     5989.924     6127.730
731  mtART+F+R2    2961.411     37  5996.823     6004.997     6142.803
732  mtART+F+R3    2950.075     39  5978.149     5987.272     6132.021
740  mtART+F+I+R2  2954.977     38  5985.953     5994.595     6135.879
741  mtART+F+I+R3  2948.539     40  5977.079     5986.698     6134.896
751  mtZOA+G4      2967.441     17  5968.881     5970.563     6035.953
752  mtZOA+I+G4    2966.310     18  5968.619     5970.504     6039.637
753  mtZOA+R2      2969.720     18  5975.440     5977.324     6046.457
754  mtZOA+R3      2963.155     20  5966.309     5968.636     6045.218
762  mtZOA+I+R2    2965.721     19  5969.441     5971.541     6044.404
763  mtZOA+I+R3    2961.682     21  5965.365     5967.931     6048.219
773  mtZOA+F+G4    2950.418     36  5972.836     5980.558     6114.871
774  mtZOA+F+I+G4  2948.575     37  5971.149     5979.323     6117.130
775  mtZOA+F+R2    2953.626     37  5981.252     5989.426     6127.233
776  mtZOA+F+R3    2945.307     39  5968.614     5977.737     6122.486
784  mtZOA+F+I+R2  2948.918     38  5973.835     5982.477     6123.761
785  mtZOA+F+I+R3  2944.485     40  5968.970     5978.589     6126.787
795  mtMet+G4      2972.965     17  5979.929     5981.610     6047.001
796  mtMet+I+G4    2970.867     18  5977.733     5979.618     6048.751
797  mtMet+R2      2973.928     18  5983.856     5985.740     6054.873
798  mtMet+R3      2966.141     20  5972.283     5974.610     6051.191
806  mtMet+I+R2    2970.570     19  5979.140     5981.239     6054.103
807  mtMet+I+R3    2965.467     21  5972.933     5975.500     6055.787
817  mtMet+F+G4    2943.915     36  5959.830     5967.552     6101.865
818  mtMet+F+I+G4  2941.681     37  5957.362     5965.537     6103.343
819  mtMet+F+R2    2945.732     37  5965.464     5973.639     6111.445
820  mtMet+F+R3    2936.436     39  5950.872     5959.995     6104.743
828  mtMet+F+I+R2  2942.131     38  5960.262     5968.903     6110.188
829  mtMet+F+I+R3  2936.257     40  5952.514     5962.132     6110.330
839  mtVer+G4      2951.826     17  5937.652     5939.333     6004.724
840  mtVer+I+G4    2948.298     18  5932.597     5934.481     6003.615
841  mtVer+R2      2955.324     18  5946.647     5948.532     6017.665
842  mtVer+R3      2942.769     20  5925.538     5927.865     6004.446
850  mtVer+I+R2    2949.236     19  5936.472     5938.572     6011.435
851  mtVer+I+R3    2942.330     21  5926.659     5929.226     6009.513
861  mtVer+F+G4    2943.070     36  5958.140     5965.862     6100.175
862  mtVer+F+I+G4  2939.309     37  5952.618     5960.793     6098.599
863  mtVer+F+R2    2946.449     37  5966.897     5975.072     6112.878
864  mtVer+F+R3    2933.997     39  5945.994     5955.117     6099.866
872  mtVer+F+I+R2  2940.610     38  5957.220     5965.861     6107.146
873  mtVer+F+I+R3  2933.823     40  5947.647     5957.266     6105.464
883  mtInv+G4      3035.603     17  6105.206     6106.887     6172.278
884  mtInv+I+G4    3033.839     18  6103.677     6105.561     6174.695
885  mtInv+R2      3035.577     18  6107.154     6109.038     6178.171
886  mtInv+R3      3029.897     20  6099.793     6102.120     6178.701
894  mtInv+I+R2    3033.050     19  6104.101     6106.200     6179.064
895  mtInv+I+R3    3028.831     21  6099.662     6102.228     6182.515
905  mtInv+F+G4    2961.173     36  5994.346     6002.068     6136.381
906  mtInv+F+I+G4  2958.974     37  5991.949     6000.123     6137.929
907  mtInv+F+R2    2962.278     37  5998.556     6006.730     6144.536
908  mtInv+F+R3    2954.912     39  5987.825     5996.948     6141.696
916  mtInv+F+I+R2  2959.177     38  5994.354     6002.995     6144.280
917  mtInv+F+I+R3  2954.495     40  5988.990     5998.609     6146.807
927  mtMAM+G4      2927.531     17  5889.062     5890.744     5956.135
928  mtMAM+I+G4    2925.347     18  5886.694     5888.578     5957.711
929  mtMAM+R2      2932.238     18  5900.476     5902.361     5971.494
930  mtMAM+R3      2920.631     20  5881.262     5883.589     5960.171
938  mtMAM+I+R2    2926.560     19  5891.120     5893.219     5966.083
939  mtMAM+I+R3    2920.125     21  5882.249     5884.816     5965.103
949  mtMAM+F+G4    2922.021     36  5916.042     5923.764     6058.077
950  mtMAM+F+I+G4  2919.752     37  5913.503     5921.678     6059.484
951  mtMAM+F+R2    2926.800     37  5927.600     5935.774     6073.581
952  mtMAM+F+R3    2914.911     39  5907.822     5916.945     6061.694
960  mtMAM+F+I+R2  2921.277     38  5918.553     5927.195     6068.479
961  mtMAM+F+I+R3  2914.651     40  5909.302     5918.921     6067.119
WARNING: Normalizing state frequencies so that sum of them equals to 1
971  FLAVI+G4      3061.306     17  6156.611     6158.292     6223.683
WARNING: Normalizing state frequencies so that sum of them equals to 1
972  FLAVI+I+G4    3055.917     18  6147.834     6149.718     6218.851
WARNING: Normalizing state frequencies so that sum of them equals to 1
973  FLAVI+R2      3066.336     18  6168.672     6170.557     6239.690
WARNING: Normalizing state frequencies so that sum of them equals to 1
974  FLAVI+R3      3051.824     20  6143.648     6145.975     6222.556
WARNING: Normalizing state frequencies so that sum of them equals to 1
982  FLAVI+I+R2    3056.870     19  6151.740     6153.839     6226.703
WARNING: Normalizing state frequencies so that sum of them equals to 1
983  FLAVI+I+R3    3049.837     21  6141.674     6144.241     6224.528
WARNING: Normalizing state frequencies so that sum of them equals to 1
993  FLAVI+F+G4    2994.495     36  6060.989     6068.711     6203.025
WARNING: Normalizing state frequencies so that sum of them equals to 1
994  FLAVI+F+I+G4  2988.830     37  6051.659     6059.834     6197.640
WARNING: Normalizing state frequencies so that sum of them equals to 1
995  FLAVI+F+R2    3000.348     37  6074.696     6082.871     6220.677
WARNING: Normalizing state frequencies so that sum of them equals to 1
996  FLAVI+F+R3    2985.007     39  6048.014     6057.137     6201.886
WARNING: Normalizing state frequencies so that sum of them equals to 1
1004  FLAVI+F+I+R2  2990.462     38  6056.924     6065.565     6206.850
WARNING: Normalizing state frequencies so that sum of them equals to 1
1005  FLAVI+F+I+R3  2984.022     40  6048.043     6057.662     6205.860
1015  HIVb+G4       3113.748     17  6261.495     6263.176     6328.567
1016  HIVb+I+G4     3109.083     18  6254.167     6256.051     6325.184
1017  HIVb+R2       3116.768     18  6269.536     6271.420     6340.554
1018  HIVb+R3       3106.689     20  6253.379     6255.705     6332.287
1026  HIVb+I+R2     3108.908     19  6255.815     6257.915     6330.778
1027  HIVb+I+R3     3103.587     21  6249.174     6251.741     6332.028
1037  HIVb+F+G4     2995.583     36  6063.166     6070.887     6205.201
1038  HIVb+F+I+G4   2990.335     37  6054.669     6062.843     6200.650
1039  HIVb+F+R2     2997.846     37  6069.692     6077.866     6215.672
1040  HIVb+F+R3     2985.866     39  6049.732     6058.855     6203.604
1048  HIVb+F+I+R2   2990.896     38  6057.792     6066.433     6207.718
1049  HIVb+F+I+R3   2984.710     40  6049.419     6059.038     6207.236
1059  HIVw+G4       3174.198     17  6382.395     6384.077     6449.468
1060  HIVw+I+G4     3169.618     18  6375.236     6377.120     6446.253
1061  HIVw+R2       3178.012     18  6392.023     6393.908     6463.041
1062  HIVw+R3       3168.685     20  6377.370     6379.697     6456.279
1070  HIVw+I+R2     3169.824     19  6377.649     6379.748     6452.612
1071  HIVw+I+R3     3165.565     21  6373.129     6375.696     6455.983
1081  HIVw+F+G4     3021.203     36  6114.407     6122.129     6256.442
1082  HIVw+F+I+G4   3016.224     37  6106.448     6114.622     6252.428
1083  HIVw+F+R2     3023.124     37  6120.249     6128.423     6266.229
1084  HIVw+F+R3     3013.223     39  6104.446     6113.569     6258.317
1092  HIVw+F+I+R2   3016.451     38  6108.902     6117.544     6258.828
1093  HIVw+F+I+R3   3010.525     40  6101.049     6110.668     6258.866
1103  FLU+G4        3105.346     17  6244.691     6246.373     6311.763
1104  FLU+I+G4      3102.037     18  6240.074     6241.958     6311.091
1105  FLU+R2        3107.711     18  6251.422     6253.306     6322.440
1106  FLU+R3        3098.588     20  6237.176     6239.503     6316.084
1114  FLU+I+R2      3101.422     19  6240.844     6242.944     6315.807
1115  FLU+I+R3      3095.177     21  6232.354     6234.921     6315.208
1125  FLU+F+G4      2986.050     36  6044.101     6051.823     6186.136
1126  FLU+F+I+G4    2981.723     37  6037.446     6045.621     6183.427
1127  FLU+F+R2      2989.010     37  6052.020     6060.194     6198.000
1128  FLU+F+R3      2977.238     39  6032.476     6041.598     6186.347
1136  FLU+F+I+R2    2982.213     38  6040.426     6049.067     6190.352
1137  FLU+F+I+R3    2975.483     40  6030.967     6040.586     6188.784
1147  rtREV+G4      3142.306     17  6318.612     6320.293     6385.684
1148  rtREV+I+G4    3138.843     18  6313.685     6315.569     6384.703
1149  rtREV+R2      3144.683     18  6325.366     6327.250     6396.383
1150  rtREV+R3      3136.082     20  6312.163     6314.490     6391.072
1158  rtREV+I+R2    3138.720     19  6315.440     6317.539     6390.403
1159  rtREV+I+R3    3133.973     21  6309.946     6312.512     6392.799
1169  rtREV+F+G4    3019.009     36  6110.018     6117.740     6252.053
1170  rtREV+F+I+G4  3015.926     37  6105.852     6114.026     6251.832
1171  rtREV+F+R2    3020.567     37  6115.134     6123.308     6261.115
1172  rtREV+F+R3    3010.243     39  6098.486     6107.609     6252.358
1180  rtREV+F+I+R2  3016.025     38  6108.051     6116.692     6257.977
1181  rtREV+F+I+R3  3009.102     40  6098.203     6107.822     6256.020
1191  cpREV+G4      3089.576     17  6213.151     6214.833     6280.223
1192  cpREV+I+G4    3087.455     18  6210.910     6212.794     6281.927
1193  cpREV+R2      3090.731     18  6217.463     6219.347     6288.480
1194  cpREV+R3      3087.273     20  6214.546     6216.873     6293.455
1202  cpREV+I+R2    3085.983     19  6209.966     6212.066     6284.929
1203  cpREV+I+R3    3084.366     21  6210.732     6213.299     6293.586
1213  cpREV+F+G4    3001.148     36  6074.295     6082.017     6216.331
1214  cpREV+F+I+G4  2998.326     37  6070.652     6078.827     6216.633
1215  cpREV+F+R2    3001.872     37  6077.744     6085.918     6223.725
1216  cpREV+F+R3    2996.550     39  6071.100     6080.223     6224.971
1224  cpREV+F+I+R2  2997.764     38  6071.527     6080.169     6221.453
1225  cpREV+F+I+R3  2995.447     40  6070.893     6080.512     6228.710
Akaike Information Criterion:           mtMAM+R3
Corrected Akaike Information Criterion: mtMAM+R3
Bayesian Information Criterion:         mtMAM+G4
Best-fit model: mtMAM+G4 chosen according to BIC

All model information printed to iqtree.model.gz
CPU time for ModelFinder: 11.582 seconds (0h:0m:11s)
Wall-clock time for ModelFinder: 11.639 seconds (0h:0m:11s)

NOTE: 1 MB RAM (0 GB) is required!
Estimate model parameters (epsilon = 0.010)
1. Initial log-likelihood: -2934.406
2. Current log-likelihood: -2927.639
3. Current log-likelihood: -2927.532
Optimal log-likelihood: -2927.530
Gamma shape alpha: 0.248
Parameters optimization took 3 rounds (0.041 sec)
Wrote distance file to... 
BEST SCORE FOUND : -2927.530
Total tree length: 1.991

Total number of iterations: 0
CPU time used for tree search: 0.000 sec (0h:0m:0s)
Wall-clock time used for tree search: 0.000 sec (0h:0m:0s)
Total CPU time used: 11.628 sec (0h:0m:11s)
Total wall-clock time used: 11.686 sec (0h:0m:11s)

Analysis results written to: 
  IQ-TREE report:                iqtree.iqtree
  Maximum-likelihood tree:       iqtree.treefile
  Screen log file:               iqtree.log

Date and Time: Tue Jan 27 10:56:26 2026
