IQ-TREE multicore version 2.4.0 for Linux x86 64-bit built Feb  7 2025
Developed by Bui Quang Minh, Nguyen Lam Tung, Olga Chernomor, Heiko Schmidt,
Dominik Schrempf, Michael Woodhams, Ly Trong Nhan, Thomas Wong

Host:    cuhk-mic (AVX512, FMA3, 376 GB RAM)
Command: iqtree2 -s cytb.aln -pre cytb_unroot -T 8 -redo -m MFP -te finches_unrooted.tre
Seed:    463478 (Using SPRNG - Scalable Parallel Random Number Generator)
Time:    Tue Jan 27 11:05:36 2026
Kernel:  AVX+FMA - 8 threads (72 CPU cores detected)

Reading alignment file cytb.aln ... Fasta format detected
Reading fasta file: done in 0.00035437 secs using 99.05% CPU
Alignment most likely contains DNA/RNA sequences
Alignment has 9 sequences with 926 columns, 32 distinct patterns
9 parsimony-informative, 37 singleton sites, 880 constant sites
                          Gap/Ambiguity  Composition  p-value
Analyzing sequences: done in 2.52239e-05 secs using 79.29% CPU
   1  Geospiza_fuliginosa         0.11%    passed     99.93%
   2  Geospiza_fortis             0.00%    passed    100.00%
   3  Geospiza_magnirostris       0.65%    passed     99.99%
   4  Geospiza_scandens           0.00%    passed     99.61%
   5  Camarhynchus_parvulus       0.00%    passed     99.99%
   6  Camarhynchus_psittacula     0.00%    passed     99.92%
   7  Camarhynchus_pallidus       0.00%    passed     99.92%
   8  Platyspiza_crassirostris    0.22%    passed     98.90%
   9  Certhidea_olivacea          0.00%    passed     99.95%
****  TOTAL                       0.11%  0 sequences failed composition chi2 test (p-value<5%; df=3)
NOTE: Camarhynchus_pallidus is identical to Camarhynchus_psittacula but kept for subsequent analysis

WARNING: 8 threads for alignment length 32 will slow down analysis
Reading input tree file finches_unrooted.tre ...
WARNING: 13 undefined/negative branch lengths are initialized with parsimony
WARNING: Number of threads seems too high for short alignments. Use -T AUTO to determine best number of threads.
Perform fast likelihood tree search using GTR+I+G model...
Estimate model parameters (epsilon = 5.000)

WARNING: Estimated model parameters are at boundary that can cause numerical instability!

Time for fast ML tree search: 0.009 seconds

NOTE: ModelFinder requires 0 MB RAM!
ModelFinder will test up to 484 DNA models (sample size: 926 epsilon: 0.100) ...
 No. Model         -LnL         df  AIC          AICc         BIC
WARNING: 8 threads for alignment length 32 will slow down analysis
WARNING: Number of threads seems too high for short alignments. Use -T AUTO to determine best number of threads.
  1  GTR+F         1526.497     21  3094.995     3096.017     3196.443
WARNING: 8 threads for alignment length 32 will slow down analysis
WARNING: Number of threads seems too high for short alignments. Use -T AUTO to determine best number of threads.
  2  GTR+F+I       1515.090     22  3074.180     3075.301     3180.459
WARNING: 8 threads for alignment length 32 will slow down analysis
WARNING: Number of threads seems too high for short alignments. Use -T AUTO to determine best number of threads.
  3  GTR+F+G4      1517.340     22  3078.680     3079.801     3184.960
WARNING: 8 threads for alignment length 32 will slow down analysis
WARNING: Number of threads seems too high for short alignments. Use -T AUTO to determine best number of threads.
  4  GTR+F+I+G4    1515.133     23  3076.267     3077.491     3187.377
WARNING: 8 threads for alignment length 32 will slow down analysis
WARNING: Number of threads seems too high for short alignments. Use -T AUTO to determine best number of threads.
  5  GTR+F+R2      1521.355     23  3088.710     3089.934     3199.820
WARNING: 8 threads for alignment length 32 will slow down analysis
WARNING: Number of threads seems too high for short alignments. Use -T AUTO to determine best number of threads.
WARNING: Numerical underflow for lh-branch, use `-safe` option to avoid this warning
Pattern 8 likelihood is underflown
Pattern 20 likelihood is underflown
WARNING: Numerical underflow for lh-branch, use `-safe` option to avoid this warning
Pattern 8 likelihood is underflown
Pattern 20 likelihood is underflown
WARNING: Numerical underflow for lh-branch, use `-safe` option to avoid this warning
Pattern 8 likelihood is underflown
Pattern 20 likelihood is underflown
WARNING: Numerical underflow for lh-branch, use `-safe` option to avoid this warning
Pattern 8 likelihood is underflown
Pattern 20 likelihood is underflown
WARNING: Numerical underflow for lh-branch, use `-safe` option to avoid this warning
Pattern 8 likelihood is underflown
Pattern 20 likelihood is underflown
WARNING: Numerical underflow for lh-branch, use `-safe` option to avoid this warning
Pattern 8 likelihood is underflown
Pattern 20 likelihood is underflown
WARNING: Numerical underflow for lh-branch, use `-safe` option to avoid this warning
Pattern 8 likelihood is underflown
Pattern 20 likelihood is underflown
WARNING: Numerical underflow for lh-branch, use `-safe` option to avoid this warning
Pattern 8 likelihood is underflown
Pattern 20 likelihood is underflown
WARNING: Numerical underflow for lh-branch, use `-safe` option to avoid this warning
Pattern 8 likelihood is underflown
Pattern 20 likelihood is underflown
WARNING: Numerical underflow for lh-branch, use `-safe` option to avoid this warning
Pattern 24 likelihood is underflown
WARNING: Numerical underflow for lh-branch, use `-safe` option to avoid this warning
Pattern 24 likelihood is underflown
WARNING: Numerical underflow for lh-branch, use `-safe` option to avoid this warning
Pattern 24 likelihood is underflown
WARNING: Numerical underflow for lh-branch, use `-safe` option to avoid this warning
Pattern 24 likelihood is underflown
WARNING: Numerical underflow for lh-branch, use `-safe` option to avoid this warning
Pattern 24 likelihood is underflown
WARNING: Numerical underflow for lh-branch, use `-safe` option to avoid this warning
Pattern 24 likelihood is underflown
WARNING: Numerical underflow for lh-branch, use `-safe` option to avoid this warning
Pattern 24 likelihood is underflown
WARNING: Numerical underflow for lh-branch, use `-safe` option to avoid this warning
Pattern 24 likelihood is underflown
WARNING: Numerical underflow for lh-branch, use `-safe` option to avoid this warning
Pattern 24 likelihood is underflown
WARNING: Numerical underflow for lh-branch, use `-safe` option to avoid this warning
Pattern 7 likelihood is underflown
Pattern 11 likelihood is underflown
WARNING: Numerical underflow for lh-branch, use `-safe` option to avoid this warning
Pattern 7 likelihood is underflown
Pattern 11 likelihood is underflown
WARNING: Numerical underflow for lh-branch, use `-safe` option to avoid this warning
Pattern 7 likelihood is underflown
Pattern 11 likelihood is underflown
WARNING: Numerical underflow for lh-branch, use `-safe` option to avoid this warning
Pattern 7 likelihood is underflown
Pattern 11 likelihood is underflown
WARNING: Numerical underflow for lh-branch, use `-safe` option to avoid this warning
Pattern 7 likelihood is underflown
Pattern 11 likelihood is underflown
WARNING: Numerical underflow for lh-branch, use `-safe` option to avoid this warning
Pattern 7 likelihood is underflown
Pattern 11 likelihood is underflown
WARNING: Numerical underflow for lh-branch, use `-safe` option to avoid this warning
Pattern 7 likelihood is underflown
Pattern 11 likelihood is underflown
WARNING: Numerical underflow for lh-branch, use `-safe` option to avoid this warning
Pattern 7 likelihood is underflown
Pattern 11 likelihood is underflown
WARNING: Numerical underflow for lh-branch, use `-safe` option to avoid this warning
Pattern 7 likelihood is underflown
Pattern 11 likelihood is underflown
  6  GTR+F+R3      1515.361     25  3080.721     3082.166     3201.493
WARNING: 8 threads for alignment length 32 will slow down analysis
WARNING: Number of threads seems too high for short alignments. Use -T AUTO to determine best number of threads.
 14  GTR+F+I+R2    1515.680     24  3079.359     3080.691     3195.300
WARNING: 8 threads for alignment length 32 will slow down analysis
WARNING: Number of threads seems too high for short alignments. Use -T AUTO to determine best number of threads.
 15  GTR+F+I+R3    1515.109     26  3082.219     3083.781     3207.822
WARNING: 8 threads for alignment length 32 will slow down analysis
WARNING: Number of threads seems too high for short alignments. Use -T AUTO to determine best number of threads.
 24  SYM+I         1568.007     19  3174.013     3174.852     3265.800
WARNING: 8 threads for alignment length 32 will slow down analysis
WARNING: Number of threads seems too high for short alignments. Use -T AUTO to determine best number of threads.
 25  SYM+G4        1569.812     19  3177.624     3178.463     3269.411
WARNING: 8 threads for alignment length 32 will slow down analysis
WARNING: Number of threads seems too high for short alignments. Use -T AUTO to determine best number of threads.
 26  SYM+I+G4      1568.002     20  3176.004     3176.932     3272.621
WARNING: 8 threads for alignment length 32 will slow down analysis
WARNING: Number of threads seems too high for short alignments. Use -T AUTO to determine best number of threads.
 46  TVM+F+I       1515.446     21  3072.891     3073.913     3174.339
WARNING: 8 threads for alignment length 32 will slow down analysis
WARNING: Number of threads seems too high for short alignments. Use -T AUTO to determine best number of threads.
 47  TVM+F+G4      1517.707     21  3077.414     3078.436     3178.862
WARNING: 8 threads for alignment length 32 will slow down analysis
WARNING: Number of threads seems too high for short alignments. Use -T AUTO to determine best number of threads.
 48  TVM+F+I+G4    1515.483     22  3074.966     3076.087     3181.245
WARNING: 8 threads for alignment length 32 will slow down analysis
WARNING: Number of threads seems too high for short alignments. Use -T AUTO to determine best number of threads.
 68  TVMe+I        1568.086     18  3172.172     3172.926     3259.127
WARNING: 8 threads for alignment length 32 will slow down analysis
WARNING: Number of threads seems too high for short alignments. Use -T AUTO to determine best number of threads.
 69  TVMe+G4       1569.953     18  3175.907     3176.661     3262.862
WARNING: 8 threads for alignment length 32 will slow down analysis
WARNING: Number of threads seems too high for short alignments. Use -T AUTO to determine best number of threads.
 70  TVMe+I+G4     1568.087     19  3174.173     3175.012     3265.960
WARNING: 8 threads for alignment length 32 will slow down analysis
WARNING: Number of threads seems too high for short alignments. Use -T AUTO to determine best number of threads.
 90  TIM3+F+I      1516.872     20  3073.744     3074.672     3170.362
WARNING: 8 threads for alignment length 32 will slow down analysis
WARNING: Number of threads seems too high for short alignments. Use -T AUTO to determine best number of threads.
 91  TIM3+F+G4     1519.297     20  3078.593     3079.521     3175.211
WARNING: 8 threads for alignment length 32 will slow down analysis
WARNING: Number of threads seems too high for short alignments. Use -T AUTO to determine best number of threads.
 92  TIM3+F+I+G4   1516.926     21  3075.851     3076.874     3177.300
WARNING: 8 threads for alignment length 32 will slow down analysis
WARNING: Number of threads seems too high for short alignments. Use -T AUTO to determine best number of threads.
112  TIM3e+I       1570.162     17  3174.323     3174.997     3256.448
WARNING: 8 threads for alignment length 32 will slow down analysis
WARNING: Number of threads seems too high for short alignments. Use -T AUTO to determine best number of threads.
113  TIM3e+G4      1572.235     17  3178.470     3179.144     3260.595
WARNING: 8 threads for alignment length 32 will slow down analysis
WARNING: Number of threads seems too high for short alignments. Use -T AUTO to determine best number of threads.
114  TIM3e+I+G4    1570.177     18  3176.355     3177.109     3263.311
WARNING: 8 threads for alignment length 32 will slow down analysis
WARNING: Number of threads seems too high for short alignments. Use -T AUTO to determine best number of threads.
134  TIM2+F+I      1516.868     20  3073.736     3074.665     3170.354
WARNING: 8 threads for alignment length 32 will slow down analysis
WARNING: Number of threads seems too high for short alignments. Use -T AUTO to determine best number of threads.
135  TIM2+F+G4     1519.353     20  3078.707     3079.635     3175.324
WARNING: 8 threads for alignment length 32 will slow down analysis
WARNING: Number of threads seems too high for short alignments. Use -T AUTO to determine best number of threads.
136  TIM2+F+I+G4   1516.941     21  3075.882     3076.904     3177.330
WARNING: 8 threads for alignment length 32 will slow down analysis
WARNING: Number of threads seems too high for short alignments. Use -T AUTO to determine best number of threads.
156  TIM2e+I       1570.214     17  3174.428     3175.102     3256.552
WARNING: 8 threads for alignment length 32 will slow down analysis
WARNING: Number of threads seems too high for short alignments. Use -T AUTO to determine best number of threads.
157  TIM2e+G4      1572.227     17  3178.454     3179.128     3260.579
WARNING: 8 threads for alignment length 32 will slow down analysis
WARNING: Number of threads seems too high for short alignments. Use -T AUTO to determine best number of threads.
158  TIM2e+I+G4    1570.224     18  3176.447     3177.201     3263.403
WARNING: 8 threads for alignment length 32 will slow down analysis
WARNING: Number of threads seems too high for short alignments. Use -T AUTO to determine best number of threads.
178  TIM+F+I       1515.891     20  3071.782     3072.710     3168.399
WARNING: 8 threads for alignment length 32 will slow down analysis
WARNING: Number of threads seems too high for short alignments. Use -T AUTO to determine best number of threads.
179  TIM+F+G4      1518.232     20  3076.464     3077.392     3173.082
WARNING: 8 threads for alignment length 32 will slow down analysis
WARNING: Number of threads seems too high for short alignments. Use -T AUTO to determine best number of threads.
180  TIM+F+I+G4    1515.929     21  3073.858     3074.880     3175.306
WARNING: 8 threads for alignment length 32 will slow down analysis
WARNING: Number of threads seems too high for short alignments. Use -T AUTO to determine best number of threads.
200  TIMe+I        1569.619     17  3173.239     3173.913     3255.364
WARNING: 8 threads for alignment length 32 will slow down analysis
WARNING: Number of threads seems too high for short alignments. Use -T AUTO to determine best number of threads.
201  TIMe+G4       1571.467     17  3176.934     3177.608     3259.059
WARNING: 8 threads for alignment length 32 will slow down analysis
WARNING: Number of threads seems too high for short alignments. Use -T AUTO to determine best number of threads.
202  TIMe+I+G4     1569.605     18  3175.211     3175.965     3262.166
WARNING: 8 threads for alignment length 32 will slow down analysis
WARNING: Number of threads seems too high for short alignments. Use -T AUTO to determine best number of threads.
222  TPM3u+F+I     1517.034     19  3072.069     3072.908     3163.855
WARNING: 8 threads for alignment length 32 will slow down analysis
WARNING: Number of threads seems too high for short alignments. Use -T AUTO to determine best number of threads.
223  TPM3u+F+G4    1519.466     19  3076.932     3077.771     3168.719
WARNING: 8 threads for alignment length 32 will slow down analysis
WARNING: Number of threads seems too high for short alignments. Use -T AUTO to determine best number of threads.
224  TPM3u+F+I+G4  1517.087     20  3074.174     3075.102     3170.791
WARNING: 8 threads for alignment length 32 will slow down analysis
WARNING: Number of threads seems too high for short alignments. Use -T AUTO to determine best number of threads.
244  TPM3+I        1570.363     16  3172.726     3173.324     3250.019
WARNING: 8 threads for alignment length 32 will slow down analysis
WARNING: Number of threads seems too high for short alignments. Use -T AUTO to determine best number of threads.
245  TPM3+G4       1572.386     16  3176.771     3177.370     3254.065
WARNING: 8 threads for alignment length 32 will slow down analysis
WARNING: Number of threads seems too high for short alignments. Use -T AUTO to determine best number of threads.
246  TPM3+I+G4     1570.371     17  3174.741     3175.415     3256.866
WARNING: 8 threads for alignment length 32 will slow down analysis
WARNING: Number of threads seems too high for short alignments. Use -T AUTO to determine best number of threads.
266  TPM2u+F+I     1517.142     19  3072.283     3073.122     3164.070
WARNING: 8 threads for alignment length 32 will slow down analysis
WARNING: Number of threads seems too high for short alignments. Use -T AUTO to determine best number of threads.
267  TPM2u+F+G4    1519.661     19  3077.323     3078.162     3169.110
WARNING: 8 threads for alignment length 32 will slow down analysis
WARNING: Number of threads seems too high for short alignments. Use -T AUTO to determine best number of threads.
268  TPM2u+F+I+G4  1517.204     20  3074.409     3075.337     3171.026
WARNING: 8 threads for alignment length 32 will slow down analysis
WARNING: Number of threads seems too high for short alignments. Use -T AUTO to determine best number of threads.
288  TPM2+I        1570.266     16  3172.533     3173.131     3249.827
WARNING: 8 threads for alignment length 32 will slow down analysis
WARNING: Number of threads seems too high for short alignments. Use -T AUTO to determine best number of threads.
289  TPM2+G4       1572.341     16  3176.682     3177.280     3253.976
WARNING: 8 threads for alignment length 32 will slow down analysis
WARNING: Number of threads seems too high for short alignments. Use -T AUTO to determine best number of threads.
290  TPM2+I+G4     1570.278     17  3174.555     3175.229     3256.680
WARNING: 8 threads for alignment length 32 will slow down analysis
WARNING: Number of threads seems too high for short alignments. Use -T AUTO to determine best number of threads.
310  K3Pu+F+I      1516.267     19  3070.535     3071.374     3162.321
WARNING: 8 threads for alignment length 32 will slow down analysis
WARNING: Number of threads seems too high for short alignments. Use -T AUTO to determine best number of threads.
311  K3Pu+F+G4     1518.630     19  3075.260     3076.099     3167.046
WARNING: 8 threads for alignment length 32 will slow down analysis
WARNING: Number of threads seems too high for short alignments. Use -T AUTO to determine best number of threads.
312  K3Pu+F+I+G4   1516.298     20  3072.595     3073.524     3169.213
WARNING: 8 threads for alignment length 32 will slow down analysis
WARNING: Number of threads seems too high for short alignments. Use -T AUTO to determine best number of threads.
332  K3P+I         1569.702     16  3171.403     3172.002     3248.697
WARNING: 8 threads for alignment length 32 will slow down analysis
WARNING: Number of threads seems too high for short alignments. Use -T AUTO to determine best number of threads.
333  K3P+G4        1571.589     16  3175.177     3175.776     3252.471
WARNING: 8 threads for alignment length 32 will slow down analysis
WARNING: Number of threads seems too high for short alignments. Use -T AUTO to determine best number of threads.
334  K3P+I+G4      1569.715     17  3173.431     3174.105     3255.556
WARNING: 8 threads for alignment length 32 will slow down analysis
WARNING: Number of threads seems too high for short alignments. Use -T AUTO to determine best number of threads.
354  TN+F+I        1517.715     19  3073.430     3074.269     3165.217
WARNING: 8 threads for alignment length 32 will slow down analysis
WARNING: Number of threads seems too high for short alignments. Use -T AUTO to determine best number of threads.
355  TN+F+G4       1520.435     19  3078.869     3079.708     3170.656
WARNING: 8 threads for alignment length 32 will slow down analysis
WARNING: Number of threads seems too high for short alignments. Use -T AUTO to determine best number of threads.
356  TN+F+I+G4     1517.816     20  3075.632     3076.560     3172.249
WARNING: 8 threads for alignment length 32 will slow down analysis
WARNING: Number of threads seems too high for short alignments. Use -T AUTO to determine best number of threads.
376  TNe+I         1571.744     16  3175.487     3176.086     3252.781
WARNING: 8 threads for alignment length 32 will slow down analysis
WARNING: Number of threads seems too high for short alignments. Use -T AUTO to determine best number of threads.
377  TNe+G4        1573.912     16  3179.824     3180.422     3257.118
WARNING: 8 threads for alignment length 32 will slow down analysis
WARNING: Number of threads seems too high for short alignments. Use -T AUTO to determine best number of threads.
378  TNe+I+G4      1571.757     17  3177.514     3178.188     3259.638
WARNING: 8 threads for alignment length 32 will slow down analysis
WARNING: Number of threads seems too high for short alignments. Use -T AUTO to determine best number of threads.
398  HKY+F+I       1518.117     18  3072.233     3072.987     3159.189
WARNING: 8 threads for alignment length 32 will slow down analysis
WARNING: Number of threads seems too high for short alignments. Use -T AUTO to determine best number of threads.
399  HKY+F+G4      1520.833     18  3077.666     3078.420     3164.622
WARNING: 8 threads for alignment length 32 will slow down analysis
WARNING: Number of threads seems too high for short alignments. Use -T AUTO to determine best number of threads.
400  HKY+F+I+G4    1518.203     19  3074.407     3075.246     3166.194
WARNING: 8 threads for alignment length 32 will slow down analysis
WARNING: Number of threads seems too high for short alignments. Use -T AUTO to determine best number of threads.
420  K2P+I         1571.801     15  3173.602     3174.130     3246.065
WARNING: 8 threads for alignment length 32 will slow down analysis
WARNING: Number of threads seems too high for short alignments. Use -T AUTO to determine best number of threads.
421  K2P+G4        1574.051     15  3178.103     3178.630     3250.566
WARNING: 8 threads for alignment length 32 will slow down analysis
WARNING: Number of threads seems too high for short alignments. Use -T AUTO to determine best number of threads.
422  K2P+I+G4      1571.826     16  3175.652     3176.250     3252.946
WARNING: 8 threads for alignment length 32 will slow down analysis
WARNING: Number of threads seems too high for short alignments. Use -T AUTO to determine best number of threads.
442  F81+F+I       1560.691     17  3155.383     3156.057     3237.508
WARNING: 8 threads for alignment length 32 will slow down analysis
WARNING: Number of threads seems too high for short alignments. Use -T AUTO to determine best number of threads.
443  F81+F+G4      1563.117     17  3160.234     3160.908     3242.359
WARNING: 8 threads for alignment length 32 will slow down analysis
WARNING: Number of threads seems too high for short alignments. Use -T AUTO to determine best number of threads.
444  F81+F+I+G4    1560.739     18  3157.478     3158.232     3244.433
WARNING: 8 threads for alignment length 32 will slow down analysis
WARNING: Number of threads seems too high for short alignments. Use -T AUTO to determine best number of threads.
464  JC+I          1614.242     14  3256.483     3256.944     3324.115
WARNING: 8 threads for alignment length 32 will slow down analysis
WARNING: Number of threads seems too high for short alignments. Use -T AUTO to determine best number of threads.
465  JC+G4         1616.410     14  3260.820     3261.281     3328.452
WARNING: 8 threads for alignment length 32 will slow down analysis
WARNING: Number of threads seems too high for short alignments. Use -T AUTO to determine best number of threads.
466  JC+I+G4       1614.256     15  3258.512     3259.039     3330.975
Akaike Information Criterion:           K3Pu+F+I
Corrected Akaike Information Criterion: K3Pu+F+I
Bayesian Information Criterion:         HKY+F+I
Best-fit model: HKY+F+I chosen according to BIC

All model information printed to cytb_unroot.model.gz
CPU time for ModelFinder: 1.090 seconds (0h:0m:1s)
Wall-clock time for ModelFinder: 0.265 seconds (0h:0m:0s)
WARNING: 8 threads for alignment length 32 will slow down analysis

NOTE: 0 MB RAM (0 GB) is required!
WARNING: Number of threads seems too high for short alignments. Use -T AUTO to determine best number of threads.
Estimate model parameters (epsilon = 0.010)
1. Initial log-likelihood: -1560.711
2. Current log-likelihood: -1518.340
3. Current log-likelihood: -1518.120
Optimal log-likelihood: -1518.116
Rate parameters:  A-C: 1.00000  A-G: 31.99412  A-T: 1.00000  C-G: 1.00000  C-T: 31.99412  G-T: 1.00000
Base frequencies:  A: 0.266  C: 0.365  G: 0.135  T: 0.234
Proportion of invariable sites: 0.887
Parameters optimization took 3 rounds (0.002 sec)
Wrote distance file to... 
BEST SCORE FOUND : -1518.116
Total tree length: 0.077

Total number of iterations: 0
CPU time used for tree search: 0.000 sec (0h:0m:0s)
Wall-clock time used for tree search: 0.000 sec (0h:0m:0s)
Total CPU time used: 1.141 sec (0h:0m:1s)
Total wall-clock time used: 0.272 sec (0h:0m:0s)

Analysis results written to: 
  IQ-TREE report:                cytb_unroot.iqtree
  Maximum-likelihood tree:       cytb_unroot.treefile
  Screen log file:               cytb_unroot.log

Date and Time: Tue Jan 27 11:05:36 2026
