IQ-TREE multicore version 2.4.0 for Linux x86 64-bit built Feb  7 2025
Developed by Bui Quang Minh, Nguyen Lam Tung, Olga Chernomor, Heiko Schmidt,
Dominik Schrempf, Michael Woodhams, Ly Trong Nhan, Thomas Wong

Host:    cuhk-mic (AVX512, FMA3, 376 GB RAM)
Command: iqtree2 -s prot.aln -pre iqtree -T 1 -redo -m MFP -te finches.tre
Seed:    535702 (Using SPRNG - Scalable Parallel Random Number Generator)
Time:    Mon Jan 26 16:11:51 2026
Kernel:  AVX+FMA - 1 threads (72 CPU cores detected)

HINT: Use -nt option to specify number of threads because your CPU has 72 cores!
HINT: -nt AUTO will automatically determine the best number of threads to use.

Reading alignment file prot.aln ... Fasta format detected
Reading fasta file: done in 0.000152204 secs
Alignment most likely contains protein sequences
WARNING: 1 sites contain only gaps or ambiguous characters.
Alignment has 9 sequences with 309 columns, 26 distinct patterns
0 parsimony-informative, 3 singleton sites, 306 constant sites
                            Gap/Ambiguity  Composition  p-value
Analyzing sequences: done in 1.59405e-05 secs
   1  Geospiza_fuliginosa_1         0.32%    passed    100.00%
   2  Geospiza_fortis_1             0.32%    passed    100.00%
   3  Geospiza_magnirostris_1       0.97%    passed    100.00%
   4  Geospiza_scandens_1           0.32%    passed    100.00%
   5  Camarhynchus_parvulus_1       0.32%    passed    100.00%
   6  Camarhynchus_psittacula_1     0.32%    passed    100.00%
   7  Camarhynchus_pallidus_1       0.32%    passed    100.00%
   8  Platyspiza_crassirostris_1    0.65%    passed    100.00%
   9  Certhidea_olivacea_1          0.32%    passed    100.00%
****  TOTAL                         0.43%  0 sequences failed composition chi2 test (p-value<5%; df=19)
NOTE: Geospiza_fortis_1 is identical to Geospiza_fuliginosa_1 but kept for subsequent analysis
NOTE: 4 identical sequences (see below) will be ignored for subsequent analysis
NOTE: Geospiza_scandens_1 (identical to Geospiza_fuliginosa_1) is ignored but added at the end
NOTE: Camarhynchus_parvulus_1 (identical to Geospiza_fuliginosa_1) is ignored but added at the end
NOTE: Camarhynchus_psittacula_1 (identical to Geospiza_fuliginosa_1) is ignored but added at the end
NOTE: Camarhynchus_pallidus_1 (identical to Geospiza_fuliginosa_1) is ignored but added at the end
Alignment was printed to iqtree.uniqueseq.phy

For your convenience alignment with unique sequences printed to iqtree.uniqueseq.phy

Reading input tree file finches.tre ...ERROR: File not found or incorrect input, pls check it again. (line 2 column 0)
