IQ-TREE multicore version 2.4.0 for Linux x86 64-bit built Feb  7 2025
Developed by Bui Quang Minh, Nguyen Lam Tung, Olga Chernomor, Heiko Schmidt,
Dominik Schrempf, Michael Woodhams, Ly Trong Nhan, Thomas Wong

Host:    cuhk-mic (AVX512, FMA3, 376 GB RAM)
Command: iqtree2 -s prot.aln -pre prot -T 8 -redo -m MFP
Seed:    352220 (Using SPRNG - Scalable Parallel Random Number Generator)
Time:    Mon Jan 26 15:35:34 2026
Kernel:  AVX+FMA - 8 threads (72 CPU cores detected)

Reading alignment file prot.aln ... Fasta format detected
Reading fasta file: done in 0.000242684 secs
Alignment most likely contains protein sequences
WARNING: 1 sites contain only gaps or ambiguous characters.
Alignment has 9 sequences with 309 columns, 26 distinct patterns
0 parsimony-informative, 3 singleton sites, 306 constant sites
                            Gap/Ambiguity  Composition  p-value
Analyzing sequences: done in 2.90219e-05 secs using 93.03% CPU
   1  Geospiza_fuliginosa_1         0.32%    passed    100.00%
   2  Geospiza_fortis_1             0.32%    passed    100.00%
   3  Geospiza_magnirostris_1       0.97%    passed    100.00%
   4  Geospiza_scandens_1           0.32%    passed    100.00%
   5  Camarhynchus_parvulus_1       0.32%    passed    100.00%
   6  Camarhynchus_psittacula_1     0.32%    passed    100.00%
   7  Camarhynchus_pallidus_1       0.32%    passed    100.00%
   8  Platyspiza_crassirostris_1    0.65%    passed    100.00%
   9  Certhidea_olivacea_1          0.32%    passed    100.00%
****  TOTAL                         0.43%  0 sequences failed composition chi2 test (p-value<5%; df=19)
NOTE: Geospiza_fortis_1 is identical to Geospiza_fuliginosa_1 but kept for subsequent analysis
NOTE: 4 identical sequences (see below) will be ignored for subsequent analysis
NOTE: Geospiza_scandens_1 (identical to Geospiza_fuliginosa_1) is ignored but added at the end
NOTE: Camarhynchus_parvulus_1 (identical to Geospiza_fuliginosa_1) is ignored but added at the end
NOTE: Camarhynchus_psittacula_1 (identical to Geospiza_fuliginosa_1) is ignored but added at the end
NOTE: Camarhynchus_pallidus_1 (identical to Geospiza_fuliginosa_1) is ignored but added at the end
Alignment was printed to prot.uniqueseq.phy

For your convenience alignment with unique sequences printed to prot.uniqueseq.phy

WARNING: 8 threads for alignment length 26 will slow down analysis

Create initial parsimony tree by phylogenetic likelihood library (PLL)... 0.000 seconds
WARNING: Number of threads seems too high for short alignments. Use -T AUTO to determine best number of threads.
Perform fast likelihood tree search using LG+I+G model...
Estimate model parameters (epsilon = 5.000)
Perform nearest neighbor interchange...
Estimate model parameters (epsilon = 1.000)
1. Initial log-likelihood: -925.654
Optimal log-likelihood: -925.654
Proportion of invariable sites: 0.495
Gamma shape alpha: 998.448
Parameters optimization took 1 rounds (0.002 sec)
Time for fast ML tree search: 0.006 seconds

NOTE: ModelFinder requires 0 MB RAM!
ModelFinder will test up to 1232 protein models (sample size: 309 epsilon: 0.100) ...
 No. Model         -LnL         df  AIC          AICc         BIC
WARNING: 8 threads for alignment length 26 will slow down analysis
WARNING: Number of threads seems too high for short alignments. Use -T AUTO to determine best number of threads.
  1  LG            925.636      7   1865.272     1865.644     1891.406
WARNING: 8 threads for alignment length 26 will slow down analysis
WARNING: Number of threads seems too high for short alignments. Use -T AUTO to determine best number of threads.
  2  LG+I          925.636      8   1867.272     1867.752     1897.139
WARNING: 8 threads for alignment length 26 will slow down analysis
WARNING: Number of threads seems too high for short alignments. Use -T AUTO to determine best number of threads.
  3  LG+G4         925.636      8   1867.272     1867.752     1897.139
WARNING: 8 threads for alignment length 26 will slow down analysis
WARNING: Number of threads seems too high for short alignments. Use -T AUTO to determine best number of threads.
  4  LG+I+G4       925.654      9   1869.308     1869.910     1902.908
WARNING: 8 threads for alignment length 26 will slow down analysis
WARNING: Number of threads seems too high for short alignments. Use -T AUTO to determine best number of threads.
  5  LG+R2         925.636      9   1869.272     1869.874     1902.872
WARNING: 8 threads for alignment length 26 will slow down analysis
WARNING: Number of threads seems too high for short alignments. Use -T AUTO to determine best number of threads.
  6  LG+R3         925.636      11  1873.272     1874.161     1914.339
WARNING: 8 threads for alignment length 26 will slow down analysis
WARNING: Number of threads seems too high for short alignments. Use -T AUTO to determine best number of threads.
 14  LG+I+R2       925.654      10  1871.308     1872.046     1908.641
WARNING: 8 threads for alignment length 26 will slow down analysis
WARNING: Number of threads seems too high for short alignments. Use -T AUTO to determine best number of threads.
 15  LG+I+R3       925.654      12  1875.308     1876.362     1920.108
WARNING: 8 threads for alignment length 26 will slow down analysis
WARNING: Number of threads seems too high for short alignments. Use -T AUTO to determine best number of threads.
 23  LG+F          881.321      26  1814.642     1819.621     1911.709
WARNING: 8 threads for alignment length 26 will slow down analysis
WARNING: Number of threads seems too high for short alignments. Use -T AUTO to determine best number of threads.
 24  LG+F+I        881.321      27  1816.642     1822.023     1917.442
WARNING: 8 threads for alignment length 26 will slow down analysis
WARNING: Number of threads seems too high for short alignments. Use -T AUTO to determine best number of threads.
 25  LG+F+G4       881.321      27  1816.642     1822.023     1917.442
WARNING: 8 threads for alignment length 26 will slow down analysis
WARNING: Number of threads seems too high for short alignments. Use -T AUTO to determine best number of threads.
 45  WAG           925.212      7   1864.424     1864.796     1890.557
WARNING: 8 threads for alignment length 26 will slow down analysis
WARNING: Number of threads seems too high for short alignments. Use -T AUTO to determine best number of threads.
 46  WAG+I         925.212      8   1866.424     1866.904     1896.291
WARNING: 8 threads for alignment length 26 will slow down analysis
WARNING: Number of threads seems too high for short alignments. Use -T AUTO to determine best number of threads.
 47  WAG+G4        925.212      8   1866.424     1866.904     1896.291
WARNING: 8 threads for alignment length 26 will slow down analysis
WARNING: Number of threads seems too high for short alignments. Use -T AUTO to determine best number of threads.
 67  WAG+F         881.501      26  1815.002     1819.981     1912.069
WARNING: 8 threads for alignment length 26 will slow down analysis
WARNING: Number of threads seems too high for short alignments. Use -T AUTO to determine best number of threads.
 68  WAG+F+I       881.501      27  1817.002     1822.383     1917.802
WARNING: 8 threads for alignment length 26 will slow down analysis
WARNING: Number of threads seems too high for short alignments. Use -T AUTO to determine best number of threads.
 69  WAG+F+G4      881.501      27  1817.002     1822.383     1917.802
WARNING: 8 threads for alignment length 26 will slow down analysis
WARNING: Number of threads seems too high for short alignments. Use -T AUTO to determine best number of threads.
 89  JTT           921.888      7   1857.777     1858.149     1883.910
WARNING: 8 threads for alignment length 26 will slow down analysis
WARNING: Number of threads seems too high for short alignments. Use -T AUTO to determine best number of threads.
 90  JTT+I         921.888      8   1859.777     1860.257     1889.643
WARNING: 8 threads for alignment length 26 will slow down analysis
WARNING: Number of threads seems too high for short alignments. Use -T AUTO to determine best number of threads.
 91  JTT+G4        921.888      8   1859.777     1860.257     1889.644
WARNING: 8 threads for alignment length 26 will slow down analysis
WARNING: Number of threads seems too high for short alignments. Use -T AUTO to determine best number of threads.
111  JTT+F         881.126      26  1814.252     1819.231     1911.319
WARNING: 8 threads for alignment length 26 will slow down analysis
WARNING: Number of threads seems too high for short alignments. Use -T AUTO to determine best number of threads.
112  JTT+F+I       881.126      27  1816.252     1821.633     1917.052
WARNING: 8 threads for alignment length 26 will slow down analysis
WARNING: Number of threads seems too high for short alignments. Use -T AUTO to determine best number of threads.
113  JTT+F+G4      881.126      27  1816.252     1821.633     1917.052
WARNING: 8 threads for alignment length 26 will slow down analysis
WARNING: Normalizing state frequencies so that sum of them equals to 1
WARNING: Number of threads seems too high for short alignments. Use -T AUTO to determine best number of threads.
133  Q.pfam        924.280      7   1862.560     1862.932     1888.693
WARNING: 8 threads for alignment length 26 will slow down analysis
WARNING: Normalizing state frequencies so that sum of them equals to 1
WARNING: Number of threads seems too high for short alignments. Use -T AUTO to determine best number of threads.
134  Q.pfam+I      924.280      8   1864.560     1865.040     1894.427
WARNING: 8 threads for alignment length 26 will slow down analysis
WARNING: Normalizing state frequencies so that sum of them equals to 1
WARNING: Number of threads seems too high for short alignments. Use -T AUTO to determine best number of threads.
135  Q.pfam+G4     924.280      8   1864.560     1865.040     1894.427
WARNING: 8 threads for alignment length 26 will slow down analysis
WARNING: Normalizing state frequencies so that sum of them equals to 1
WARNING: Number of threads seems too high for short alignments. Use -T AUTO to determine best number of threads.
155  Q.pfam+F      881.406      26  1814.812     1819.791     1911.879
WARNING: 8 threads for alignment length 26 will slow down analysis
WARNING: Normalizing state frequencies so that sum of them equals to 1
WARNING: Number of threads seems too high for short alignments. Use -T AUTO to determine best number of threads.
156  Q.pfam+F+I    881.406      27  1816.812     1822.193     1917.612
WARNING: 8 threads for alignment length 26 will slow down analysis
WARNING: Normalizing state frequencies so that sum of them equals to 1
WARNING: Number of threads seems too high for short alignments. Use -T AUTO to determine best number of threads.
157  Q.pfam+F+G4   881.406      27  1816.812     1822.193     1917.612
WARNING: 8 threads for alignment length 26 will slow down analysis
WARNING: Normalizing state frequencies so that sum of them equals to 1
WARNING: Number of threads seems too high for short alignments. Use -T AUTO to determine best number of threads.
177  Q.bird        929.868      7   1873.736     1874.108     1899.869
WARNING: 8 threads for alignment length 26 will slow down analysis
WARNING: Normalizing state frequencies so that sum of them equals to 1
WARNING: Number of threads seems too high for short alignments. Use -T AUTO to determine best number of threads.
178  Q.bird+I      929.868      8   1875.736     1876.216     1905.603
WARNING: 8 threads for alignment length 26 will slow down analysis
WARNING: Normalizing state frequencies so that sum of them equals to 1
WARNING: Number of threads seems too high for short alignments. Use -T AUTO to determine best number of threads.
179  Q.bird+G4     929.868      8   1875.736     1876.216     1905.603
WARNING: 8 threads for alignment length 26 will slow down analysis
WARNING: Normalizing state frequencies so that sum of them equals to 1
WARNING: Number of threads seems too high for short alignments. Use -T AUTO to determine best number of threads.
199  Q.bird+F      880.642      26  1813.285     1818.263     1910.352
WARNING: 8 threads for alignment length 26 will slow down analysis
WARNING: Normalizing state frequencies so that sum of them equals to 1
WARNING: Number of threads seems too high for short alignments. Use -T AUTO to determine best number of threads.
200  Q.bird+F+I    880.642      27  1815.285     1820.666     1916.085
WARNING: 8 threads for alignment length 26 will slow down analysis
WARNING: Normalizing state frequencies so that sum of them equals to 1
WARNING: Number of threads seems too high for short alignments. Use -T AUTO to determine best number of threads.
201  Q.bird+F+G4   880.642      27  1815.285     1820.666     1916.085
WARNING: 8 threads for alignment length 26 will slow down analysis
WARNING: Normalizing state frequencies so that sum of them equals to 1
WARNING: Number of threads seems too high for short alignments. Use -T AUTO to determine best number of threads.
221  Q.mammal      932.216      7   1878.431     1878.803     1904.565
WARNING: 8 threads for alignment length 26 will slow down analysis
WARNING: Normalizing state frequencies so that sum of them equals to 1
WARNING: Number of threads seems too high for short alignments. Use -T AUTO to determine best number of threads.
222  Q.mammal+I    932.216      8   1880.431     1880.911     1910.298
WARNING: 8 threads for alignment length 26 will slow down analysis
WARNING: Normalizing state frequencies so that sum of them equals to 1
WARNING: Number of threads seems too high for short alignments. Use -T AUTO to determine best number of threads.
223  Q.mammal+G4   932.216      8   1880.431     1880.911     1910.298
WARNING: 8 threads for alignment length 26 will slow down analysis
WARNING: Normalizing state frequencies so that sum of them equals to 1
WARNING: Number of threads seems too high for short alignments. Use -T AUTO to determine best number of threads.
243  Q.mammal+F    880.873      26  1813.745     1818.724     1910.812
WARNING: 8 threads for alignment length 26 will slow down analysis
WARNING: Normalizing state frequencies so that sum of them equals to 1
WARNING: Number of threads seems too high for short alignments. Use -T AUTO to determine best number of threads.
244  Q.mammal+F+I  880.873      27  1815.745     1821.126     1916.545
WARNING: 8 threads for alignment length 26 will slow down analysis
WARNING: Normalizing state frequencies so that sum of them equals to 1
WARNING: Number of threads seems too high for short alignments. Use -T AUTO to determine best number of threads.
245  Q.mammal+F+G4 880.873      27  1815.745     1821.126     1916.545
WARNING: 8 threads for alignment length 26 will slow down analysis
WARNING: Number of threads seems too high for short alignments. Use -T AUTO to determine best number of threads.
265  Q.insect      935.374      7   1884.749     1885.121     1910.882
WARNING: 8 threads for alignment length 26 will slow down analysis
WARNING: Number of threads seems too high for short alignments. Use -T AUTO to determine best number of threads.
266  Q.insect+I    935.374      8   1886.749     1887.229     1916.616
WARNING: 8 threads for alignment length 26 will slow down analysis
WARNING: Number of threads seems too high for short alignments. Use -T AUTO to determine best number of threads.
267  Q.insect+G4   935.374      8   1886.749     1887.229     1916.616
WARNING: 8 threads for alignment length 26 will slow down analysis
WARNING: Number of threads seems too high for short alignments. Use -T AUTO to determine best number of threads.
287  Q.insect+F    881.556      26  1815.113     1820.091     1912.180
WARNING: 8 threads for alignment length 26 will slow down analysis
WARNING: Number of threads seems too high for short alignments. Use -T AUTO to determine best number of threads.
288  Q.insect+F+I  881.556      27  1817.113     1822.494     1917.913
WARNING: 8 threads for alignment length 26 will slow down analysis
WARNING: Number of threads seems too high for short alignments. Use -T AUTO to determine best number of threads.
289  Q.insect+F+G4 881.556      27  1817.113     1822.494     1917.913
WARNING: 8 threads for alignment length 26 will slow down analysis
WARNING: Normalizing state frequencies so that sum of them equals to 1
WARNING: Number of threads seems too high for short alignments. Use -T AUTO to determine best number of threads.
309  Q.plant       926.456      7   1866.913     1867.285     1893.046
WARNING: 8 threads for alignment length 26 will slow down analysis
WARNING: Normalizing state frequencies so that sum of them equals to 1
WARNING: Number of threads seems too high for short alignments. Use -T AUTO to determine best number of threads.
310  Q.plant+I     926.456      8   1868.913     1869.393     1898.780
WARNING: 8 threads for alignment length 26 will slow down analysis
WARNING: Normalizing state frequencies so that sum of them equals to 1
WARNING: Number of threads seems too high for short alignments. Use -T AUTO to determine best number of threads.
311  Q.plant+G4    926.456      8   1868.913     1869.393     1898.780
WARNING: 8 threads for alignment length 26 will slow down analysis
WARNING: Normalizing state frequencies so that sum of them equals to 1
WARNING: Number of threads seems too high for short alignments. Use -T AUTO to determine best number of threads.
331  Q.plant+F     880.982      26  1813.965     1818.943     1911.031
WARNING: 8 threads for alignment length 26 will slow down analysis
WARNING: Normalizing state frequencies so that sum of them equals to 1
WARNING: Number of threads seems too high for short alignments. Use -T AUTO to determine best number of threads.
332  Q.plant+F+I   880.982      27  1815.965     1821.345     1916.765
WARNING: 8 threads for alignment length 26 will slow down analysis
WARNING: Normalizing state frequencies so that sum of them equals to 1
WARNING: Number of threads seems too high for short alignments. Use -T AUTO to determine best number of threads.
333  Q.plant+F+G4  880.982      27  1815.965     1821.345     1916.765
WARNING: 8 threads for alignment length 26 will slow down analysis
WARNING: Normalizing state frequencies so that sum of them equals to 1
WARNING: Number of threads seems too high for short alignments. Use -T AUTO to determine best number of threads.
353  Q.yeast       932.678      7   1879.356     1879.728     1905.489
WARNING: 8 threads for alignment length 26 will slow down analysis
WARNING: Normalizing state frequencies so that sum of them equals to 1
WARNING: Number of threads seems too high for short alignments. Use -T AUTO to determine best number of threads.
354  Q.yeast+I     932.678      8   1881.356     1881.836     1911.223
WARNING: 8 threads for alignment length 26 will slow down analysis
WARNING: Normalizing state frequencies so that sum of them equals to 1
WARNING: Number of threads seems too high for short alignments. Use -T AUTO to determine best number of threads.
355  Q.yeast+G4    932.678      8   1881.356     1881.836     1911.223
WARNING: 8 threads for alignment length 26 will slow down analysis
WARNING: Normalizing state frequencies so that sum of them equals to 1
WARNING: Number of threads seems too high for short alignments. Use -T AUTO to determine best number of threads.
375  Q.yeast+F     881.239      26  1814.479     1819.457     1911.545
WARNING: 8 threads for alignment length 26 will slow down analysis
WARNING: Normalizing state frequencies so that sum of them equals to 1
WARNING: Number of threads seems too high for short alignments. Use -T AUTO to determine best number of threads.
376  Q.yeast+F+I   881.239      27  1816.479     1821.859     1917.279
WARNING: 8 threads for alignment length 26 will slow down analysis
WARNING: Normalizing state frequencies so that sum of them equals to 1
WARNING: Number of threads seems too high for short alignments. Use -T AUTO to determine best number of threads.
377  Q.yeast+F+G4  881.239      27  1816.479     1821.859     1917.279
WARNING: 8 threads for alignment length 26 will slow down analysis
WARNING: Number of threads seems too high for short alignments. Use -T AUTO to determine best number of threads.
397  JTTDCMut      922.230      7   1858.461     1858.833     1884.594
WARNING: 8 threads for alignment length 26 will slow down analysis
WARNING: Number of threads seems too high for short alignments. Use -T AUTO to determine best number of threads.
398  JTTDCMut+I    922.230      8   1860.461     1860.941     1890.328
WARNING: 8 threads for alignment length 26 will slow down analysis
WARNING: Number of threads seems too high for short alignments. Use -T AUTO to determine best number of threads.
399  JTTDCMut+G4   922.231      8   1860.461     1860.941     1890.328
WARNING: 8 threads for alignment length 26 will slow down analysis
WARNING: Number of threads seems too high for short alignments. Use -T AUTO to determine best number of threads.
419  JTTDCMut+F    881.096      26  1814.192     1819.171     1911.259
WARNING: 8 threads for alignment length 26 will slow down analysis
WARNING: Number of threads seems too high for short alignments. Use -T AUTO to determine best number of threads.
420  JTTDCMut+F+I  881.096      27  1816.192     1821.573     1916.993
WARNING: 8 threads for alignment length 26 will slow down analysis
WARNING: Number of threads seems too high for short alignments. Use -T AUTO to determine best number of threads.
421  JTTDCMut+F+G4 881.096      27  1816.192     1821.573     1916.993
WARNING: 8 threads for alignment length 26 will slow down analysis
WARNING: Number of threads seems too high for short alignments. Use -T AUTO to determine best number of threads.
441  DCMut         933.019      7   1880.037     1880.409     1906.171
WARNING: 8 threads for alignment length 26 will slow down analysis
WARNING: Number of threads seems too high for short alignments. Use -T AUTO to determine best number of threads.
442  DCMut+I       933.019      8   1882.037     1882.517     1911.904
WARNING: 8 threads for alignment length 26 will slow down analysis
WARNING: Number of threads seems too high for short alignments. Use -T AUTO to determine best number of threads.
443  DCMut+G4      933.019      8   1882.037     1882.517     1911.904
WARNING: 8 threads for alignment length 26 will slow down analysis
WARNING: Number of threads seems too high for short alignments. Use -T AUTO to determine best number of threads.
463  DCMut+F       881.002      26  1814.004     1818.983     1911.071
WARNING: 8 threads for alignment length 26 will slow down analysis
WARNING: Number of threads seems too high for short alignments. Use -T AUTO to determine best number of threads.
464  DCMut+F+I     881.002      27  1816.004     1821.385     1916.804
WARNING: 8 threads for alignment length 26 will slow down analysis
WARNING: Number of threads seems too high for short alignments. Use -T AUTO to determine best number of threads.
465  DCMut+F+G4    881.002      27  1816.004     1821.385     1916.804
WARNING: 8 threads for alignment length 26 will slow down analysis
WARNING: Number of threads seems too high for short alignments. Use -T AUTO to determine best number of threads.
485  VT            921.888      7   1857.776     1858.148     1883.909
WARNING: 8 threads for alignment length 26 will slow down analysis
WARNING: Number of threads seems too high for short alignments. Use -T AUTO to determine best number of threads.
486  VT+I          921.888      8   1859.776     1860.256     1889.643
WARNING: 8 threads for alignment length 26 will slow down analysis
WARNING: Number of threads seems too high for short alignments. Use -T AUTO to determine best number of threads.
487  VT+G4         921.888      8   1859.776     1860.256     1889.643
WARNING: 8 threads for alignment length 26 will slow down analysis
WARNING: Number of threads seems too high for short alignments. Use -T AUTO to determine best number of threads.
507  VT+F          881.852      26  1815.703     1820.682     1912.770
WARNING: 8 threads for alignment length 26 will slow down analysis
WARNING: Number of threads seems too high for short alignments. Use -T AUTO to determine best number of threads.
508  VT+F+I        881.852      27  1817.703     1823.084     1918.503
WARNING: 8 threads for alignment length 26 will slow down analysis
WARNING: Number of threads seems too high for short alignments. Use -T AUTO to determine best number of threads.
509  VT+F+G4       881.852      27  1817.703     1823.084     1918.503
WARNING: 8 threads for alignment length 26 will slow down analysis
WARNING: Number of threads seems too high for short alignments. Use -T AUTO to determine best number of threads.
529  PMB           916.747      7   1847.493     1847.865     1873.627
WARNING: 8 threads for alignment length 26 will slow down analysis
WARNING: Number of threads seems too high for short alignments. Use -T AUTO to determine best number of threads.
530  PMB+I         916.747      8   1849.493     1849.973     1879.360
WARNING: 8 threads for alignment length 26 will slow down analysis
WARNING: Number of threads seems too high for short alignments. Use -T AUTO to determine best number of threads.
531  PMB+G4        916.747      8   1849.493     1849.973     1879.360
WARNING: 8 threads for alignment length 26 will slow down analysis
WARNING: Number of threads seems too high for short alignments. Use -T AUTO to determine best number of threads.
551  PMB+F         882.350      26  1816.699     1821.678     1913.766
WARNING: 8 threads for alignment length 26 will slow down analysis
WARNING: Number of threads seems too high for short alignments. Use -T AUTO to determine best number of threads.
552  PMB+F+I       882.350      27  1818.699     1824.080     1919.499
WARNING: 8 threads for alignment length 26 will slow down analysis
WARNING: Number of threads seems too high for short alignments. Use -T AUTO to determine best number of threads.
553  PMB+F+G4      882.350      27  1818.699     1824.080     1919.499
WARNING: 8 threads for alignment length 26 will slow down analysis
WARNING: Number of threads seems too high for short alignments. Use -T AUTO to determine best number of threads.
573  Blosum62      918.796      7   1851.592     1851.964     1877.725
WARNING: 8 threads for alignment length 26 will slow down analysis
WARNING: Number of threads seems too high for short alignments. Use -T AUTO to determine best number of threads.
574  Blosum62+I    918.796      8   1853.592     1854.072     1883.459
WARNING: 8 threads for alignment length 26 will slow down analysis
WARNING: Number of threads seems too high for short alignments. Use -T AUTO to determine best number of threads.
575  Blosum62+G4   918.796      8   1853.592     1854.072     1883.459
WARNING: 8 threads for alignment length 26 will slow down analysis
WARNING: Number of threads seems too high for short alignments. Use -T AUTO to determine best number of threads.
595  Blosum62+F    882.440      26  1816.880     1821.859     1913.947
WARNING: 8 threads for alignment length 26 will slow down analysis
WARNING: Number of threads seems too high for short alignments. Use -T AUTO to determine best number of threads.
596  Blosum62+F+I  882.440      27  1818.880     1824.261     1919.680
WARNING: 8 threads for alignment length 26 will slow down analysis
WARNING: Number of threads seems too high for short alignments. Use -T AUTO to determine best number of threads.
597  Blosum62+F+G4 882.440      27  1818.880     1824.261     1919.680
WARNING: 8 threads for alignment length 26 will slow down analysis
WARNING: Number of threads seems too high for short alignments. Use -T AUTO to determine best number of threads.
617  Dayhoff       933.003      7   1880.005     1880.377     1906.139
WARNING: 8 threads for alignment length 26 will slow down analysis
WARNING: Number of threads seems too high for short alignments. Use -T AUTO to determine best number of threads.
618  Dayhoff+I     933.003      8   1882.005     1882.485     1911.872
WARNING: 8 threads for alignment length 26 will slow down analysis
WARNING: Number of threads seems too high for short alignments. Use -T AUTO to determine best number of threads.
619  Dayhoff+G4    933.003      8   1882.005     1882.485     1911.872
WARNING: 8 threads for alignment length 26 will slow down analysis
WARNING: Number of threads seems too high for short alignments. Use -T AUTO to determine best number of threads.
639  Dayhoff+F     880.985      26  1813.971     1818.949     1911.038
WARNING: 8 threads for alignment length 26 will slow down analysis
WARNING: Number of threads seems too high for short alignments. Use -T AUTO to determine best number of threads.
640  Dayhoff+F+I   880.985      27  1815.971     1821.352     1916.771
WARNING: 8 threads for alignment length 26 will slow down analysis
WARNING: Number of threads seems too high for short alignments. Use -T AUTO to determine best number of threads.
641  Dayhoff+F+G4  880.985      27  1815.971     1821.352     1916.771
WARNING: 8 threads for alignment length 26 will slow down analysis
WARNING: Number of threads seems too high for short alignments. Use -T AUTO to determine best number of threads.
661  mtREV         890.367      7   1794.734     1795.106     1820.867
WARNING: 8 threads for alignment length 26 will slow down analysis
WARNING: Number of threads seems too high for short alignments. Use -T AUTO to determine best number of threads.
662  mtREV+I       890.367      8   1796.734     1797.214     1826.600
WARNING: 8 threads for alignment length 26 will slow down analysis
WARNING: Number of threads seems too high for short alignments. Use -T AUTO to determine best number of threads.
663  mtREV+G4      890.367      8   1796.734     1797.214     1826.600
WARNING: 8 threads for alignment length 26 will slow down analysis
WARNING: Number of threads seems too high for short alignments. Use -T AUTO to determine best number of threads.
683  mtREV+F       880.998      26  1813.996     1818.974     1911.062
WARNING: 8 threads for alignment length 26 will slow down analysis
WARNING: Number of threads seems too high for short alignments. Use -T AUTO to determine best number of threads.
684  mtREV+F+I     880.998      27  1815.996     1821.376     1916.796
WARNING: 8 threads for alignment length 26 will slow down analysis
WARNING: Number of threads seems too high for short alignments. Use -T AUTO to determine best number of threads.
685  mtREV+F+G4    880.998      27  1815.996     1821.376     1916.796
WARNING: 8 threads for alignment length 26 will slow down analysis
WARNING: Number of threads seems too high for short alignments. Use -T AUTO to determine best number of threads.
705  mtART         893.270      7   1800.540     1800.912     1826.673
WARNING: 8 threads for alignment length 26 will slow down analysis
WARNING: Number of threads seems too high for short alignments. Use -T AUTO to determine best number of threads.
706  mtART+I       893.270      8   1802.540     1803.020     1832.406
WARNING: 8 threads for alignment length 26 will slow down analysis
WARNING: Number of threads seems too high for short alignments. Use -T AUTO to determine best number of threads.
707  mtART+G4      893.270      8   1802.540     1803.020     1832.406
WARNING: 8 threads for alignment length 26 will slow down analysis
WARNING: Number of threads seems too high for short alignments. Use -T AUTO to determine best number of threads.
727  mtART+F       880.735      26  1813.469     1818.448     1910.536
WARNING: 8 threads for alignment length 26 will slow down analysis
WARNING: Number of threads seems too high for short alignments. Use -T AUTO to determine best number of threads.
728  mtART+F+I     880.735      27  1815.469     1820.850     1916.269
WARNING: 8 threads for alignment length 26 will slow down analysis
WARNING: Number of threads seems too high for short alignments. Use -T AUTO to determine best number of threads.
729  mtART+F+G4    880.735      27  1815.469     1820.850     1916.269
WARNING: 8 threads for alignment length 26 will slow down analysis
WARNING: Number of threads seems too high for short alignments. Use -T AUTO to determine best number of threads.
749  mtZOA         888.512      7   1791.025     1791.397     1817.158
WARNING: 8 threads for alignment length 26 will slow down analysis
WARNING: Number of threads seems too high for short alignments. Use -T AUTO to determine best number of threads.
750  mtZOA+I       888.512      8   1793.025     1793.505     1822.891
WARNING: 8 threads for alignment length 26 will slow down analysis
WARNING: Number of threads seems too high for short alignments. Use -T AUTO to determine best number of threads.
751  mtZOA+G4      888.512      8   1793.025     1793.505     1822.892
WARNING: 8 threads for alignment length 26 will slow down analysis
WARNING: Number of threads seems too high for short alignments. Use -T AUTO to determine best number of threads.
771  mtZOA+F       880.526      26  1813.053     1818.032     1910.120
WARNING: 8 threads for alignment length 26 will slow down analysis
WARNING: Number of threads seems too high for short alignments. Use -T AUTO to determine best number of threads.
772  mtZOA+F+I     880.526      27  1815.053     1820.434     1915.853
WARNING: 8 threads for alignment length 26 will slow down analysis
WARNING: Number of threads seems too high for short alignments. Use -T AUTO to determine best number of threads.
773  mtZOA+F+G4    880.526      27  1815.053     1820.434     1915.853
WARNING: 8 threads for alignment length 26 will slow down analysis
WARNING: Number of threads seems too high for short alignments. Use -T AUTO to determine best number of threads.
793  mtMet         900.901      7   1815.802     1816.174     1841.935
WARNING: 8 threads for alignment length 26 will slow down analysis
WARNING: Number of threads seems too high for short alignments. Use -T AUTO to determine best number of threads.
794  mtMet+I       900.901      8   1817.802     1818.282     1847.669
WARNING: 8 threads for alignment length 26 will slow down analysis
WARNING: Number of threads seems too high for short alignments. Use -T AUTO to determine best number of threads.
795  mtMet+G4      900.901      8   1817.802     1818.282     1847.669
WARNING: 8 threads for alignment length 26 will slow down analysis
WARNING: Number of threads seems too high for short alignments. Use -T AUTO to determine best number of threads.
815  mtMet+F       880.271      26  1812.542     1817.520     1909.609
WARNING: 8 threads for alignment length 26 will slow down analysis
WARNING: Number of threads seems too high for short alignments. Use -T AUTO to determine best number of threads.
816  mtMet+F+I     880.271      27  1814.542     1819.922     1915.342
WARNING: 8 threads for alignment length 26 will slow down analysis
WARNING: Number of threads seems too high for short alignments. Use -T AUTO to determine best number of threads.
817  mtMet+F+G4    880.271      27  1814.542     1819.922     1915.342
WARNING: 8 threads for alignment length 26 will slow down analysis
WARNING: Number of threads seems too high for short alignments. Use -T AUTO to determine best number of threads.
837  mtVer         895.606      7   1805.212     1805.584     1831.345
WARNING: 8 threads for alignment length 26 will slow down analysis
WARNING: Number of threads seems too high for short alignments. Use -T AUTO to determine best number of threads.
838  mtVer+I       895.606      8   1807.212     1807.692     1837.079
WARNING: 8 threads for alignment length 26 will slow down analysis
WARNING: Number of threads seems too high for short alignments. Use -T AUTO to determine best number of threads.
839  mtVer+G4      895.606      8   1807.212     1807.692     1837.079
WARNING: 8 threads for alignment length 26 will slow down analysis
WARNING: Number of threads seems too high for short alignments. Use -T AUTO to determine best number of threads.
859  mtVer+F       879.426      26  1810.852     1815.830     1907.919
WARNING: 8 threads for alignment length 26 will slow down analysis
WARNING: Number of threads seems too high for short alignments. Use -T AUTO to determine best number of threads.
860  mtVer+F+I     879.426      27  1812.852     1818.232     1913.652
WARNING: 8 threads for alignment length 26 will slow down analysis
WARNING: Number of threads seems too high for short alignments. Use -T AUTO to determine best number of threads.
861  mtVer+F+G4    879.426      27  1812.852     1818.232     1913.652
WARNING: 8 threads for alignment length 26 will slow down analysis
WARNING: Number of threads seems too high for short alignments. Use -T AUTO to determine best number of threads.
881  mtInv         919.015      7   1852.030     1852.402     1878.164
WARNING: 8 threads for alignment length 26 will slow down analysis
WARNING: Number of threads seems too high for short alignments. Use -T AUTO to determine best number of threads.
882  mtInv+I       919.015      8   1854.030     1854.510     1883.897
WARNING: 8 threads for alignment length 26 will slow down analysis
WARNING: Number of threads seems too high for short alignments. Use -T AUTO to determine best number of threads.
883  mtInv+G4      919.015      8   1854.030     1854.510     1883.897
WARNING: 8 threads for alignment length 26 will slow down analysis
WARNING: Number of threads seems too high for short alignments. Use -T AUTO to determine best number of threads.
903  mtInv+F       880.724      26  1813.448     1818.426     1910.515
WARNING: 8 threads for alignment length 26 will slow down analysis
WARNING: Number of threads seems too high for short alignments. Use -T AUTO to determine best number of threads.
904  mtInv+F+I     880.724      27  1815.448     1820.828     1916.248
WARNING: 8 threads for alignment length 26 will slow down analysis
WARNING: Number of threads seems too high for short alignments. Use -T AUTO to determine best number of threads.
905  mtInv+F+G4    880.724      27  1815.448     1820.828     1916.248
WARNING: 8 threads for alignment length 26 will slow down analysis
WARNING: Number of threads seems too high for short alignments. Use -T AUTO to determine best number of threads.
925  mtMAM         889.214      7   1792.427     1792.799     1818.560
WARNING: 8 threads for alignment length 26 will slow down analysis
WARNING: Number of threads seems too high for short alignments. Use -T AUTO to determine best number of threads.
926  mtMAM+I       889.214      8   1794.427     1794.907     1824.294
WARNING: 8 threads for alignment length 26 will slow down analysis
WARNING: Number of threads seems too high for short alignments. Use -T AUTO to determine best number of threads.
927  mtMAM+G4      889.214      8   1794.427     1794.907     1824.294
WARNING: 8 threads for alignment length 26 will slow down analysis
WARNING: Number of threads seems too high for short alignments. Use -T AUTO to determine best number of threads.
947  mtMAM+F       879.702      26  1811.403     1816.382     1908.470
WARNING: 8 threads for alignment length 26 will slow down analysis
WARNING: Number of threads seems too high for short alignments. Use -T AUTO to determine best number of threads.
948  mtMAM+F+I     879.702      27  1813.403     1818.784     1914.203
WARNING: 8 threads for alignment length 26 will slow down analysis
WARNING: Number of threads seems too high for short alignments. Use -T AUTO to determine best number of threads.
949  mtMAM+F+G4    879.702      27  1813.403     1818.784     1914.203
WARNING: 8 threads for alignment length 26 will slow down analysis
WARNING: Normalizing state frequencies so that sum of them equals to 1
WARNING: Number of threads seems too high for short alignments. Use -T AUTO to determine best number of threads.
969  FLAVI         915.562      7   1845.124     1845.496     1871.257
WARNING: 8 threads for alignment length 26 will slow down analysis
WARNING: Normalizing state frequencies so that sum of them equals to 1
WARNING: Number of threads seems too high for short alignments. Use -T AUTO to determine best number of threads.
970  FLAVI+I       915.562      8   1847.124     1847.604     1876.991
WARNING: 8 threads for alignment length 26 will slow down analysis
WARNING: Normalizing state frequencies so that sum of them equals to 1
WARNING: Number of threads seems too high for short alignments. Use -T AUTO to determine best number of threads.
971  FLAVI+G4      915.562      8   1847.124     1847.604     1876.991
WARNING: 8 threads for alignment length 26 will slow down analysis
WARNING: Normalizing state frequencies so that sum of them equals to 1
WARNING: Number of threads seems too high for short alignments. Use -T AUTO to determine best number of threads.
991  FLAVI+F       879.579      26  1811.158     1816.136     1908.225
WARNING: 8 threads for alignment length 26 will slow down analysis
WARNING: Normalizing state frequencies so that sum of them equals to 1
WARNING: Number of threads seems too high for short alignments. Use -T AUTO to determine best number of threads.
992  FLAVI+F+I     879.579      27  1813.158     1818.538     1913.958
WARNING: 8 threads for alignment length 26 will slow down analysis
WARNING: Normalizing state frequencies so that sum of them equals to 1
WARNING: Number of threads seems too high for short alignments. Use -T AUTO to determine best number of threads.
993  FLAVI+F+G4    879.579      27  1813.158     1818.538     1913.958
WARNING: 8 threads for alignment length 26 will slow down analysis
WARNING: Number of threads seems too high for short alignments. Use -T AUTO to determine best number of threads.
1013  HIVb          926.266      7   1866.531     1866.903     1892.665
WARNING: 8 threads for alignment length 26 will slow down analysis
WARNING: Number of threads seems too high for short alignments. Use -T AUTO to determine best number of threads.
1014  HIVb+I        926.266      8   1868.531     1869.011     1898.398
WARNING: 8 threads for alignment length 26 will slow down analysis
WARNING: Number of threads seems too high for short alignments. Use -T AUTO to determine best number of threads.
1015  HIVb+G4       926.266      8   1868.531     1869.011     1898.398
WARNING: 8 threads for alignment length 26 will slow down analysis
WARNING: Number of threads seems too high for short alignments. Use -T AUTO to determine best number of threads.
1035  HIVb+F        880.535      26  1813.070     1818.049     1910.137
WARNING: 8 threads for alignment length 26 will slow down analysis
WARNING: Number of threads seems too high for short alignments. Use -T AUTO to determine best number of threads.
1036  HIVb+F+I      880.535      27  1815.070     1820.451     1915.871
WARNING: 8 threads for alignment length 26 will slow down analysis
WARNING: Number of threads seems too high for short alignments. Use -T AUTO to determine best number of threads.
1037  HIVb+F+G4     880.535      27  1815.070     1820.451     1915.871
WARNING: 8 threads for alignment length 26 will slow down analysis
WARNING: Number of threads seems too high for short alignments. Use -T AUTO to determine best number of threads.
1057  HIVw          942.228      7   1898.456     1898.828     1924.589
WARNING: 8 threads for alignment length 26 will slow down analysis
WARNING: Number of threads seems too high for short alignments. Use -T AUTO to determine best number of threads.
1058  HIVw+I        942.228      8   1900.456     1900.936     1930.323
WARNING: 8 threads for alignment length 26 will slow down analysis
WARNING: Number of threads seems too high for short alignments. Use -T AUTO to determine best number of threads.
1059  HIVw+G4       942.228      8   1900.456     1900.936     1930.323
WARNING: 8 threads for alignment length 26 will slow down analysis
WARNING: Number of threads seems too high for short alignments. Use -T AUTO to determine best number of threads.
1079  HIVw+F        879.867      26  1811.734     1816.713     1908.801
WARNING: 8 threads for alignment length 26 will slow down analysis
WARNING: Number of threads seems too high for short alignments. Use -T AUTO to determine best number of threads.
1080  HIVw+F+I      879.867      27  1813.734     1819.115     1914.534
WARNING: 8 threads for alignment length 26 will slow down analysis
WARNING: Number of threads seems too high for short alignments. Use -T AUTO to determine best number of threads.
1081  HIVw+F+G4     879.867      27  1813.734     1819.115     1914.534
WARNING: 8 threads for alignment length 26 will slow down analysis
WARNING: Number of threads seems too high for short alignments. Use -T AUTO to determine best number of threads.
1101  FLU           929.542      7   1873.084     1873.456     1899.217
WARNING: 8 threads for alignment length 26 will slow down analysis
WARNING: Number of threads seems too high for short alignments. Use -T AUTO to determine best number of threads.
1102  FLU+I         929.542      8   1875.084     1875.564     1904.951
WARNING: 8 threads for alignment length 26 will slow down analysis
WARNING: Number of threads seems too high for short alignments. Use -T AUTO to determine best number of threads.
1103  FLU+G4        929.542      8   1875.084     1875.564     1904.951
WARNING: 8 threads for alignment length 26 will slow down analysis
WARNING: Number of threads seems too high for short alignments. Use -T AUTO to determine best number of threads.
1123  FLU+F         880.124      26  1812.249     1817.227     1909.316
WARNING: 8 threads for alignment length 26 will slow down analysis
WARNING: Number of threads seems too high for short alignments. Use -T AUTO to determine best number of threads.
1124  FLU+F+I       880.124      27  1814.249     1819.630     1915.049
WARNING: 8 threads for alignment length 26 will slow down analysis
WARNING: Number of threads seems too high for short alignments. Use -T AUTO to determine best number of threads.
1125  FLU+F+G4      880.124      27  1814.249     1819.630     1915.049
WARNING: 8 threads for alignment length 26 will slow down analysis
WARNING: Number of threads seems too high for short alignments. Use -T AUTO to determine best number of threads.
1145  rtREV         925.925      7   1865.850     1866.222     1891.983
WARNING: 8 threads for alignment length 26 will slow down analysis
WARNING: Number of threads seems too high for short alignments. Use -T AUTO to determine best number of threads.
1146  rtREV+I       925.925      8   1867.850     1868.330     1897.716
WARNING: 8 threads for alignment length 26 will slow down analysis
WARNING: Number of threads seems too high for short alignments. Use -T AUTO to determine best number of threads.
1147  rtREV+G4      925.925      8   1867.850     1868.330     1897.716
WARNING: 8 threads for alignment length 26 will slow down analysis
WARNING: Number of threads seems too high for short alignments. Use -T AUTO to determine best number of threads.
1167  rtREV+F       881.731      26  1815.463     1820.442     1912.530
WARNING: 8 threads for alignment length 26 will slow down analysis
WARNING: Number of threads seems too high for short alignments. Use -T AUTO to determine best number of threads.
1168  rtREV+F+I     881.731      27  1817.463     1822.844     1918.263
WARNING: 8 threads for alignment length 26 will slow down analysis
WARNING: Number of threads seems too high for short alignments. Use -T AUTO to determine best number of threads.
1169  rtREV+F+G4    881.731      27  1817.463     1822.844     1918.263
WARNING: 8 threads for alignment length 26 will slow down analysis
WARNING: Number of threads seems too high for short alignments. Use -T AUTO to determine best number of threads.
1189  cpREV         910.685      7   1835.369     1835.742     1861.503
WARNING: 8 threads for alignment length 26 will slow down analysis
WARNING: Number of threads seems too high for short alignments. Use -T AUTO to determine best number of threads.
1190  cpREV+I       910.685      8   1837.369     1837.849     1867.236
WARNING: 8 threads for alignment length 26 will slow down analysis
WARNING: Number of threads seems too high for short alignments. Use -T AUTO to determine best number of threads.
1191  cpREV+G4      910.685      8   1837.369     1837.849     1867.236
WARNING: 8 threads for alignment length 26 will slow down analysis
WARNING: Number of threads seems too high for short alignments. Use -T AUTO to determine best number of threads.
1211  cpREV+F       880.949      26  1813.897     1818.876     1910.964
WARNING: 8 threads for alignment length 26 will slow down analysis
WARNING: Number of threads seems too high for short alignments. Use -T AUTO to determine best number of threads.
1212  cpREV+F+I     880.949      27  1815.897     1821.278     1916.697
WARNING: 8 threads for alignment length 26 will slow down analysis
WARNING: Number of threads seems too high for short alignments. Use -T AUTO to determine best number of threads.
1213  cpREV+F+G4    880.949      27  1815.897     1821.278     1916.697
Akaike Information Criterion:           mtZOA
Corrected Akaike Information Criterion: mtZOA
Bayesian Information Criterion:         mtZOA
Best-fit model: mtZOA chosen according to BIC

All model information printed to prot.model.gz
CPU time for ModelFinder: 0.825 seconds (0h:0m:0s)
Wall-clock time for ModelFinder: 0.234 seconds (0h:0m:0s)
WARNING: 8 threads for alignment length 26 will slow down analysis

NOTE: 0 MB RAM (0 GB) is required!
WARNING: Number of threads seems too high for short alignments. Use -T AUTO to determine best number of threads.
Estimate model parameters (epsilon = 0.100)
1. Initial log-likelihood: -888.517
Optimal log-likelihood: -888.512
Parameters optimization took 1 rounds (0.000 sec)
Wrote distance file to... 
Computing ML distances based on estimated model parameters...
Calculating distance matrix: done in 0.000986472 secs using 312.4% CPU
Computing ML distances took 0.001160 sec (of wall-clock time) 0.003250 sec (of CPU time)
Setting up auxiliary I and S matrices: done in 0.000749227 secs using 499.6% CPU
Computing RapidNJ tree took 0.003275 sec (of wall-clock time) 0.008416 sec (of CPU time)
Log-likelihood of RapidNJ tree: -888.514
--------------------------------------------------------------------
|             INITIALIZING CANDIDATE TREE SET                      |
--------------------------------------------------------------------
Generating 98 parsimony trees... 0.008 second
Computing log-likelihood of 13 initial trees ... 0.002 seconds
Current best score: -888.512

Do NNI search on 15 best initial trees
Iteration 10 / LogL: -888.512 / Time: 0h:0m:0s
Finish initializing candidate tree set (15)
Current best tree score: -888.512 / CPU time: 0.019
Number of iterations: 15
--------------------------------------------------------------------
|               OPTIMIZING CANDIDATE TREE SET                      |
--------------------------------------------------------------------
UPDATE BEST LOG-LIKELIHOOD: -888.512
Iteration 20 / LogL: -888.512 / Time: 0h:0m:0s
Iteration 30 / LogL: -888.512 / Time: 0h:0m:0s (0h:0m:0s left)
Iteration 40 / LogL: -888.512 / Time: 0h:0m:0s (0h:0m:0s left)
Iteration 50 / LogL: -888.512 / Time: 0h:0m:0s (0h:0m:0s left)
Iteration 60 / LogL: -888.512 / Time: 0h:0m:0s (0h:0m:0s left)
Iteration 70 / LogL: -888.512 / Time: 0h:0m:0s (0h:0m:0s left)
Iteration 80 / LogL: -888.512 / Time: 0h:0m:0s (0h:0m:0s left)
Iteration 90 / LogL: -888.512 / Time: 0h:0m:0s (0h:0m:0s left)
Iteration 100 / LogL: -888.512 / Time: 0h:0m:0s (0h:0m:0s left)
TREE SEARCH COMPLETED AFTER 101 ITERATIONS / Time: 0h:0m:0s

--------------------------------------------------------------------
|                    FINALIZING TREE SEARCH                        |
--------------------------------------------------------------------
Performs final model parameters optimization
Estimate model parameters (epsilon = 0.010)
1. Initial log-likelihood: -888.512
Optimal log-likelihood: -888.512
Parameters optimization took 1 rounds (0.000 sec)
BEST SCORE FOUND : -888.512
Total tree length: 0.010

Total number of iterations: 101
CPU time used for tree search: 0.247 sec (0h:0m:0s)
Wall-clock time used for tree search: 0.073 sec (0h:0m:0s)
Total CPU time used: 1.153 sec (0h:0m:1s)
Total wall-clock time used: 0.321 sec (0h:0m:0s)

Analysis results written to: 
  IQ-TREE report:                prot.iqtree
  Maximum-likelihood tree:       prot.treefile
  Likelihood distances:          prot.mldist
  Screen log file:               prot.log

Date and Time: Mon Jan 26 15:35:34 2026
