Warning message:
In rmvnorm_simul(n = n, mean = rep(0, p), var = sigma, method = methodSim) :
  An error occured with the Cholesky decomposition, the "svd" method is used instead
Hierarchical pagel_lam fit (K=8): a=200, b=0.001
Proportion of outliers:	 0 
Proportion of outliers:	 0 
Proportion of outliers:	 0 
Proportion of outliers:	 0 
Proportion of outliers:	 0 
Proportion of outliers:	 0 
Warning messages:
1: In vegdist(as.matrix(lhs), method = method, ...) :
  results may be meaningless because data have negative entries
                 in method “bray”
2: In vegdist(as.matrix(lhs), method = method, ...) :
  results may be meaningless because data have negative entries
                 in method “bray”
3: In vegdist(as.matrix(lhs), method = method, ...) :
  results may be meaningless because data have negative entries
                 in method “bray”
4: In vegdist(as.matrix(lhs), method = method, ...) :
  results may be meaningless because data have negative entries
                 in method “bray”
Warning messages:
1: In vegdist(as.matrix(lhs), method = method, ...) :
  results may be meaningless because data have negative entries
                 in method “bray”
2: In vegdist(as.matrix(lhs), method = method, ...) :
  results may be meaningless because data have negative entries
                 in method “bray”
3: In vegdist(as.matrix(lhs), method = method, ...) :
  results may be meaningless because data have negative entries
                 in method “bray”
4: In vegdist(as.matrix(lhs), method = method, ...) :
  results may be meaningless because data have negative entries
                 in method “bray”
Warning messages:
1: In vegdist(as.matrix(lhs), method = method, ...) :
  results may be meaningless because data have negative entries
                 in method “bray”
2: In vegdist(as.matrix(lhs), method = method, ...) :
  results may be meaningless because data have negative entries
                 in method “bray”
3: In vegdist(as.matrix(lhs), method = method, ...) :
  results may be meaningless because data have negative entries
                 in method “bray”
4: In vegdist(as.matrix(lhs), method = method, ...) :
  results may be meaningless because data have negative entries
                 in method “bray”
null device 
          1 
haha2/run_16/compare//compared_to_R_matrix.tbl 
pcoa_name	Correlation_coefficient	RMSD_top3	MRB_top3
pcoa_1	0.985078023909299	0.063973080804726	0.0805630718522841
pcoa_2	0.987427122807873	0.0502447554110804	0.246801775794122
pcoa_3	0.990938766625066	0.0420700722420174	0.227577109622661

haha2/run_16/compare//determined_by_phylo.tbl 
pcoa_name	LDA_acc	fdr_value	DBI
pcoa_1 0.855 0.0111313476479079 6.45390785654752
pcoa_2 0.855 0.0140861605230181 5.53383159811244
pcoa_3 0.855 0.00957573528119803 6.09664759974798

haha2/run_16/compare//determined_by_trait.tbl 
pcoa_name	LDA_acc	fdr_value	DBI
pcoa_1 0.68 0.0241636389988859 5.59285844571202
pcoa_2 0.68 0.0280659915007901 5.01856802461269
pcoa_3 0.67 0.0197960358359169 5.66584495521602

haha2/run_16/compare//explained.tbl 
0.413 0.284 0.126 0.073 0.054 0.026 0.021 0.02 0.016 0.015 0.014 0.012 0.01 0.008 0.008 0.007 0.006 0.006 0.006 0.005 0.005 0.004 0.004 0.004 0.003 0.003 0.003 0.003 0.003 0.002
0.511 0.231 0.173 0.033 0.021 0.014 0.007 0.003 0.002 0.002 0.001 0.001 0 0 0 0 0 0 0 0 0 0 0 0 0 0 0 0 0 0
0.521 0.243 0.162 0.026 0.022 0.01 0.007 0.003 0.002 0.001 0.001 0.001 0 0 0 0 0 0 0 0 0 0 0 0 0 0 0 0 0 0

