Hierarchical pagel_lam fit (K=8): a=200, b=0.001
Proportion of outliers:	 0 
Proportion of outliers:	 0 
Proportion of outliers:	 0 
Proportion of outliers:	 0 
Proportion of outliers:	 0 
Proportion of outliers:	 0 
Warning messages:
1: In vegdist(as.matrix(lhs), method = method, ...) :
  results may be meaningless because data have negative entries
                 in method “bray”
2: In vegdist(as.matrix(lhs), method = method, ...) :
  results may be meaningless because data have negative entries
                 in method “bray”
3: In vegdist(as.matrix(lhs), method = method, ...) :
  results may be meaningless because data have negative entries
                 in method “bray”
4: In vegdist(as.matrix(lhs), method = method, ...) :
  results may be meaningless because data have negative entries
                 in method “bray”
Warning messages:
1: In vegdist(as.matrix(lhs), method = method, ...) :
  results may be meaningless because data have negative entries
                 in method “bray”
2: In vegdist(as.matrix(lhs), method = method, ...) :
  results may be meaningless because data have negative entries
                 in method “bray”
3: In vegdist(as.matrix(lhs), method = method, ...) :
  results may be meaningless because data have negative entries
                 in method “bray”
4: In vegdist(as.matrix(lhs), method = method, ...) :
  results may be meaningless because data have negative entries
                 in method “bray”
Warning messages:
1: In vegdist(as.matrix(lhs), method = method, ...) :
  results may be meaningless because data have negative entries
                 in method “bray”
2: In vegdist(as.matrix(lhs), method = method, ...) :
  results may be meaningless because data have negative entries
                 in method “bray”
3: In vegdist(as.matrix(lhs), method = method, ...) :
  results may be meaningless because data have negative entries
                 in method “bray”
4: In vegdist(as.matrix(lhs), method = method, ...) :
  results may be meaningless because data have negative entries
                 in method “bray”
null device 
          1 
haha2/run_5/compare//compared_to_R_matrix.tbl 
pcoa_name	Correlation_coefficient	RMSD_top3	MRB_top3
pcoa_1	0.986512272088772	0.055316156748562	0.0298483977318357
pcoa_2	0.985292147033075	0.0844477182155656	0.0239059723544658
pcoa_3	0.995569924509923	0.0219807183040927	0.0765576937863022

haha2/run_5/compare//determined_by_phylo.tbl 
pcoa_name	LDA_acc	fdr_value	DBI
pcoa_1 0.555 0.00909054176895306 9.65098938810033
pcoa_2 0.585 0.0146246276867818 7.38314594981698
pcoa_3 0.595 0.00148289044329069 22.3913238620808

haha2/run_5/compare//determined_by_trait.tbl 
pcoa_name	LDA_acc	fdr_value	DBI
pcoa_1 0.67 0.00119383196982049 24.9976021424413
pcoa_2 0.67 0.00160303374954544 20.7708399620138
pcoa_3 0.67 0.00143537207945936 21.4635866076255

haha2/run_5/compare//explained.tbl 
0.549 0.224 0.077 0.062 0.038 0.032 0.027 0.015 0.014 0.012 0.011 0.01 0.008 0.007 0.007 0.006 0.005 0.005 0.004 0.004 0.004 0.003 0.003 0.003 0.003 0.002 0.002 0.002 0.002 0.002
0.625 0.159 0.1 0.059 0.032 0.012 0.009 0.001 0.001 0 0 0 0 0 0 0 0 0 0 0 0 0 0 0 0 0 0 0 0 0
0.458 0.199 0.133 0.108 0.054 0.025 0.017 0.004 0.001 0.001 0 0 0 0 0 0 0 0 0 0 0 0 0 0 0 0 0 0 0 0

