Hierarchical pagel_lam fit (K=8): a=200, b=0.001
Proportion of outliers:	 0 
Proportion of outliers:	 0 
Proportion of outliers:	 0 
Proportion of outliers:	 0 
Proportion of outliers:	 0 
Proportion of outliers:	 0 
Warning messages:
1: In vegdist(as.matrix(lhs), method = method, ...) :
  results may be meaningless because data have negative entries
                 in method “bray”
2: In vegdist(as.matrix(lhs), method = method, ...) :
  results may be meaningless because data have negative entries
                 in method “bray”
3: In vegdist(as.matrix(lhs), method = method, ...) :
  results may be meaningless because data have negative entries
                 in method “bray”
4: In vegdist(as.matrix(lhs), method = method, ...) :
  results may be meaningless because data have negative entries
                 in method “bray”
Warning messages:
1: In vegdist(as.matrix(lhs), method = method, ...) :
  results may be meaningless because data have negative entries
                 in method “bray”
2: In vegdist(as.matrix(lhs), method = method, ...) :
  results may be meaningless because data have negative entries
                 in method “bray”
3: In vegdist(as.matrix(lhs), method = method, ...) :
  results may be meaningless because data have negative entries
                 in method “bray”
4: In vegdist(as.matrix(lhs), method = method, ...) :
  results may be meaningless because data have negative entries
                 in method “bray”
Warning messages:
1: In vegdist(as.matrix(lhs), method = method, ...) :
  results may be meaningless because data have negative entries
                 in method “bray”
2: In vegdist(as.matrix(lhs), method = method, ...) :
  results may be meaningless because data have negative entries
                 in method “bray”
3: In vegdist(as.matrix(lhs), method = method, ...) :
  results may be meaningless because data have negative entries
                 in method “bray”
4: In vegdist(as.matrix(lhs), method = method, ...) :
  results may be meaningless because data have negative entries
                 in method “bray”
null device 
          1 
haha2/run_36/compare//compared_to_R_matrix.tbl 
pcoa_name	Correlation_coefficient	RMSD_top3	MRB_top3
pcoa_1	0.99471476908205	0.0406988452404927	0.202289496968293
pcoa_2	0.994841102949494	0.0392591998269876	0.142738669481936
pcoa_3	0.991298024415253	0.0690069171522905	0.0117664160239051

haha2/run_36/compare//determined_by_phylo.tbl 
pcoa_name	LDA_acc	fdr_value	DBI
pcoa_1 0.745 0.0042961350766625 11.710246650324
pcoa_2 0.745 0.00540052023857177 9.6471332479428
pcoa_3 0.745 0.00607453503562356 8.84594365652668

haha2/run_36/compare//determined_by_trait.tbl 
pcoa_name	LDA_acc	fdr_value	DBI
pcoa_1 0.53 0.0124642318409315 7.82544277818934
pcoa_2 0.55 0.0186413357553387 5.97035801577155
pcoa_3 0.575 0.0116128745539782 7.49008139345343

haha2/run_36/compare//explained.tbl 
0.614 0.265 0.052 0.038 0.035 0.02 0.019 0.016 0.011 0.01 0.009 0.008 0.007 0.007 0.006 0.005 0.005 0.004 0.004 0.004 0.004 0.003 0.003 0.003 0.003 0.003 0.002 0.002 0.002 0.002
0.682 0.151 0.062 0.051 0.014 0.01 0.008 0.007 0.005 0.003 0.002 0.001 0.001 0.001 0 0 0 0 0 0 0 0 0 0 0 0 0 0 0 0
0.746 0.134 0.047 0.029 0.01 0.01 0.007 0.005 0.004 0.003 0.002 0.001 0.001 0.001 0 0 0 0 0 0 0 0 0 0 0 0 0 0 0 0

