Hierarchical pagel_lam fit (K=8): a=200, b=0.001
Proportion of outliers:	 0 
Proportion of outliers:	 0 
Proportion of outliers:	 0 
Proportion of outliers:	 0 
Proportion of outliers:	 0 
Proportion of outliers:	 0 
Warning messages:
1: In vegdist(as.matrix(lhs), method = method, ...) :
  results may be meaningless because data have negative entries
                 in method “bray”
2: In vegdist(as.matrix(lhs), method = method, ...) :
  results may be meaningless because data have negative entries
                 in method “bray”
3: In vegdist(as.matrix(lhs), method = method, ...) :
  results may be meaningless because data have negative entries
                 in method “bray”
4: In vegdist(as.matrix(lhs), method = method, ...) :
  results may be meaningless because data have negative entries
                 in method “bray”
Warning messages:
1: In vegdist(as.matrix(lhs), method = method, ...) :
  results may be meaningless because data have negative entries
                 in method “bray”
2: In vegdist(as.matrix(lhs), method = method, ...) :
  results may be meaningless because data have negative entries
                 in method “bray”
3: In vegdist(as.matrix(lhs), method = method, ...) :
  results may be meaningless because data have negative entries
                 in method “bray”
4: In vegdist(as.matrix(lhs), method = method, ...) :
  results may be meaningless because data have negative entries
                 in method “bray”
Warning messages:
1: In vegdist(as.matrix(lhs), method = method, ...) :
  results may be meaningless because data have negative entries
                 in method “bray”
2: In vegdist(as.matrix(lhs), method = method, ...) :
  results may be meaningless because data have negative entries
                 in method “bray”
3: In vegdist(as.matrix(lhs), method = method, ...) :
  results may be meaningless because data have negative entries
                 in method “bray”
4: In vegdist(as.matrix(lhs), method = method, ...) :
  results may be meaningless because data have negative entries
                 in method “bray”
null device 
          1 
haha2/run_3/compare//compared_to_R_matrix.tbl 
pcoa_name	Correlation_coefficient	RMSD_top3	MRB_top3
pcoa_1	0.991333309076782	0.0775731054209692	0.505709332039211
pcoa_2	0.999906010151103	0.0072387441592334	0.00902848238538591
pcoa_3	0.998723525641997	0.0301493266543965	-0.134429784616568

haha2/run_3/compare//determined_by_phylo.tbl 
pcoa_name	LDA_acc	fdr_value	DBI
pcoa_1 0.96 0.0038553883629545 5.47789173101305
pcoa_2 0.96 0.00235808802873205 7.03466871420483
pcoa_3 0.96 0.00694956457725926 4.08503525352393

haha2/run_3/compare//determined_by_trait.tbl 
pcoa_name	LDA_acc	fdr_value	DBI
pcoa_1 0.605 0.019560932307085 6.4376463695842
pcoa_2 0.595 0.0211684543641608 5.88008994499663
pcoa_3 0.61 0.013658052930981 7.39935454975471

haha2/run_3/compare//explained.tbl 
0.645 0.213 0.069 0.068 0.022 0.017 0.012 0.009 0.008 0.007 0.006 0.004 0.004 0.004 0.003 0.003 0.003 0.002 0.002 0.002 0.002 0.002 0.002 0.001 0.001 0.001 0.001 0.001 0.001 0.001
0.78 0.19 0.028 0.001 0 0 0 0 0 0 0 0 0 0 0 0 0 0 0 0 0 0 0 0 0 0 0 0 0 0
0.812 0.167 0.019 0.001 0 0 0 0 0 0 0 0 0 0 0 0 0 0 0 0 0 0 0 0 0 0 0 0 0 0

