Hierarchical pagel_lam fit (K=8): a=200, b=0.001
Proportion of outliers:	 0 
Proportion of outliers:	 0 
Proportion of outliers:	 0 
Proportion of outliers:	 0 
Proportion of outliers:	 0 
Proportion of outliers:	 0 
Warning messages:
1: In vegdist(as.matrix(lhs), method = method, ...) :
  results may be meaningless because data have negative entries
                 in method “bray”
2: In vegdist(as.matrix(lhs), method = method, ...) :
  results may be meaningless because data have negative entries
                 in method “bray”
3: In vegdist(as.matrix(lhs), method = method, ...) :
  results may be meaningless because data have negative entries
                 in method “bray”
4: In vegdist(as.matrix(lhs), method = method, ...) :
  results may be meaningless because data have negative entries
                 in method “bray”
Warning messages:
1: In vegdist(as.matrix(lhs), method = method, ...) :
  results may be meaningless because data have negative entries
                 in method “bray”
2: In vegdist(as.matrix(lhs), method = method, ...) :
  results may be meaningless because data have negative entries
                 in method “bray”
3: In vegdist(as.matrix(lhs), method = method, ...) :
  results may be meaningless because data have negative entries
                 in method “bray”
4: In vegdist(as.matrix(lhs), method = method, ...) :
  results may be meaningless because data have negative entries
                 in method “bray”
Warning messages:
1: In vegdist(as.matrix(lhs), method = method, ...) :
  results may be meaningless because data have negative entries
                 in method “bray”
2: In vegdist(as.matrix(lhs), method = method, ...) :
  results may be meaningless because data have negative entries
                 in method “bray”
3: In vegdist(as.matrix(lhs), method = method, ...) :
  results may be meaningless because data have negative entries
                 in method “bray”
4: In vegdist(as.matrix(lhs), method = method, ...) :
  results may be meaningless because data have negative entries
                 in method “bray”
null device 
          1 
haha2/run_21/compare//compared_to_R_matrix.tbl 
pcoa_name	Correlation_coefficient	RMSD_top3	MRB_top3
pcoa_1	0.957184084661972	0.0640245660272213	-0.114922794835724
pcoa_2	0.96352676024429	0.0836745385596647	-0.000892797424473227
pcoa_3	0.998169518835924	0.0175690188129463	0.0102597397132934

haha2/run_21/compare//determined_by_phylo.tbl 
pcoa_name	LDA_acc	fdr_value	DBI
pcoa_1 0.89 0.0235597158978297 3.42761959558666
pcoa_2 0.89 0.0177655460690595 3.76429278572104
pcoa_3 0.89 0.00270921046481737 9.63822954612553

haha2/run_21/compare//determined_by_trait.tbl 
pcoa_name	LDA_acc	fdr_value	DBI
pcoa_1 0.715 0.00840697565628777 8.95407114960294
pcoa_2 0.715 0.00419333265093098 12.2471970480269
pcoa_3 0.715 0.00126082926698722 23.2603197303394

haha2/run_21/compare//explained.tbl 
0.379 0.25 0.121 0.069 0.054 0.042 0.035 0.029 0.023 0.02 0.016 0.013 0.012 0.011 0.01 0.008 0.008 0.007 0.007 0.006 0.005 0.005 0.005 0.005 0.004 0.004 0.004 0.004 0.003 0.003
0.476 0.238 0.148 0.084 0.034 0.009 0.004 0.003 0.002 0.001 0 0 0 0 0 0 0 0 0 0 0 0 0 0 0 0 0 0 0 0
0.383 0.239 0.215 0.11 0.027 0.01 0.006 0.005 0.003 0.002 0 0 0 0 0 0 0 0 0 0 0 0 0 0 0 0 0 0 0 0

