Hierarchical pagel_lam fit (K=8): a=200, b=0.001
Proportion of outliers:	 0 
Proportion of outliers:	 0 
Proportion of outliers:	 0 
Proportion of outliers:	 0 
Proportion of outliers:	 0 
Proportion of outliers:	 0 
Warning messages:
1: In vegdist(as.matrix(lhs), method = method, ...) :
  results may be meaningless because data have negative entries
                 in method “bray”
2: In vegdist(as.matrix(lhs), method = method, ...) :
  results may be meaningless because data have negative entries
                 in method “bray”
3: In vegdist(as.matrix(lhs), method = method, ...) :
  results may be meaningless because data have negative entries
                 in method “bray”
4: In vegdist(as.matrix(lhs), method = method, ...) :
  results may be meaningless because data have negative entries
                 in method “bray”
Warning messages:
1: In vegdist(as.matrix(lhs), method = method, ...) :
  results may be meaningless because data have negative entries
                 in method “bray”
2: In vegdist(as.matrix(lhs), method = method, ...) :
  results may be meaningless because data have negative entries
                 in method “bray”
3: In vegdist(as.matrix(lhs), method = method, ...) :
  results may be meaningless because data have negative entries
                 in method “bray”
4: In vegdist(as.matrix(lhs), method = method, ...) :
  results may be meaningless because data have negative entries
                 in method “bray”
Warning messages:
1: In vegdist(as.matrix(lhs), method = method, ...) :
  results may be meaningless because data have negative entries
                 in method “bray”
2: In vegdist(as.matrix(lhs), method = method, ...) :
  results may be meaningless because data have negative entries
                 in method “bray”
3: In vegdist(as.matrix(lhs), method = method, ...) :
  results may be meaningless because data have negative entries
                 in method “bray”
4: In vegdist(as.matrix(lhs), method = method, ...) :
  results may be meaningless because data have negative entries
                 in method “bray”
null device 
          1 
haha2/run_40/compare//compared_to_R_matrix.tbl 
pcoa_name	Correlation_coefficient	RMSD_top3	MRB_top3
pcoa_1	0.947002379190007	0.0560288756109965	0.217397227001193
pcoa_2	0.940408643884683	0.0923454679853664	0.156107518801353
pcoa_3	0.953130377850172	0.0753573989156143	0.136700673010474

haha2/run_40/compare//determined_by_phylo.tbl 
pcoa_name	LDA_acc	fdr_value	DBI
pcoa_1 0.745 0.00949896728058759 7.78569254244147
pcoa_2 0.745 0.0154545340713442 6.09426818891819
pcoa_3 0.745 0.00227465438274592 16.1950643916595

haha2/run_40/compare//determined_by_trait.tbl 
pcoa_name	LDA_acc	fdr_value	DBI
pcoa_1 0.59 0.00539311682364756 12.0131059088763
pcoa_2 0.6 0.00283431995296336 16.2887162111573
pcoa_3 0.61 0.00545140632551841 11.3787898898928

haha2/run_40/compare//explained.tbl 
0.321 0.249 0.148 0.081 0.071 0.054 0.041 0.028 0.025 0.022 0.019 0.015 0.012 0.012 0.011 0.009 0.008 0.008 0.007 0.007 0.007 0.006 0.006 0.005 0.005 0.004 0.004 0.004 0.004 0.003
0.41 0.193 0.115 0.112 0.082 0.055 0.011 0.006 0.005 0.003 0.002 0.002 0.002 0.001 0.001 0 0 0 0 0 0 0 0 0 0 0 0 0 0 0
0.381 0.196 0.121 0.103 0.084 0.069 0.014 0.01 0.006 0.005 0.003 0.003 0.002 0.001 0.001 0 0 0 0 0 0 0 0 0 0 0 0 0 0 0

