removing outdir haha_exp_20/run_10 ......
Warning message:
In rmvnorm_simul(n = n, mean = rep(0, p), var = sigma, method = methodSim) :
  An error occured with the Cholesky decomposition, the "svd" method is used instead
Hierarchical pagel_lam fit (K=8): a=200, b=0.001
Proportion of outliers:	 0 
Proportion of outliers:	 0 
Proportion of outliers:	 0 
Proportion of outliers:	 0 
Proportion of outliers:	 0 
Proportion of outliers:	 0 
Warning messages:
1: In vegdist(as.matrix(lhs), method = method, ...) :
  results may be meaningless because data have negative entries
                 in method “bray”
2: In vegdist(as.matrix(lhs), method = method, ...) :
  results may be meaningless because data have negative entries
                 in method “bray”
3: In vegdist(as.matrix(lhs), method = method, ...) :
  results may be meaningless because data have negative entries
                 in method “bray”
4: In vegdist(as.matrix(lhs), method = method, ...) :
  results may be meaningless because data have negative entries
                 in method “bray”
Warning messages:
1: In vegdist(as.matrix(lhs), method = method, ...) :
  results may be meaningless because data have negative entries
                 in method “bray”
2: In vegdist(as.matrix(lhs), method = method, ...) :
  results may be meaningless because data have negative entries
                 in method “bray”
3: In vegdist(as.matrix(lhs), method = method, ...) :
  results may be meaningless because data have negative entries
                 in method “bray”
4: In vegdist(as.matrix(lhs), method = method, ...) :
  results may be meaningless because data have negative entries
                 in method “bray”
Warning messages:
1: In vegdist(as.matrix(lhs), method = method, ...) :
  results may be meaningless because data have negative entries
                 in method “bray”
2: In vegdist(as.matrix(lhs), method = method, ...) :
  results may be meaningless because data have negative entries
                 in method “bray”
3: In vegdist(as.matrix(lhs), method = method, ...) :
  results may be meaningless because data have negative entries
                 in method “bray”
4: In vegdist(as.matrix(lhs), method = method, ...) :
  results may be meaningless because data have negative entries
                 in method “bray”
null device 
          1 
haha_exp_20/run_10/compare//compared_to_R_matrix.tbl 
pcoa_name	Correlation_coefficient	RMSD_top3	MRB_top3
pcoa_1	0.995178534090699	0.0743498086446184	32.0775818049615
pcoa_2	0.99999865893998	0.00136465590926198	-0.414598081698706
pcoa_3	0.999998559429433	0.00141809165204506	-0.441749035349168

haha_exp_20/run_10/compare//determined_by_phylo.tbl 
pcoa_name	LDA_acc	fdr_value	DBI
pcoa_1 0.935 0.00334500312183064 6.21647220686438
pcoa_2 0.935 0.00106484931421773 9.63887290319961
pcoa_3 0.935 0.00213998579417169 7.07575965824297

haha_exp_20/run_10/compare//determined_by_trait.tbl 
pcoa_name	LDA_acc	fdr_value	DBI
pcoa_1 0.54 0.00848616449011393 9.51891030495399
pcoa_2 0.575 0.0054042236718673 10.8202449011035
pcoa_3 0.6 0.00981441439482221 7.8504466316337

haha_exp_20/run_10/compare//explained.tbl 
0.905 0.091 0.008 0.004 0.004 0.002 0.001 0.001 0.001 0.001 0 0 0 0 0 0 0 0 0 0 0 0 0 0 0 0 0 0 0 0
0.999 0 0 0 0 0 0 0 0 0 0 0 0 0 0 0 0 0 0 0 0 0 0 0 0 0 0 0 0 0
1 0 0 0 0 0 0 0 0 0 0 0 0 0 0 0 0 0 0 0 0 0 0 0 0 0 0 0 0 0

