Hierarchical pagel_lam fit (K=8): a=200, b=0.001
Proportion of outliers:	 0 
Proportion of outliers:	 0 
Proportion of outliers:	 0 
Proportion of outliers:	 0 
Proportion of outliers:	 0 
Proportion of outliers:	 0 
null device 
          1 
haha_exp_20/run_{1}/compare//compared_to_R_matrix.tbl 
pcoa_name	Correlation_coefficient	RMSD_top3	MRB_top3
pcoa_1	0.997143510453953	0.0310581391345849	0.032551542128615
pcoa_2	0.999240904992033	0.0158239646902886	0.0772625634876693
pcoa_3	0.998090983466458	0.0414658909051965	-0.131649581328144

haha_exp_20/run_{1}/compare//determined_by_phylo.tbl 
pcoa_name	LDA_acc	fdr_value	DBI
pcoa_1 0.84 0.00223786340645917 12.6692415987027
pcoa_2 0.84 0.000773468470410084 21.4935028751892
pcoa_3 0.84 0.00106716442719921 17.2323604130814

haha_exp_20/run_{1}/compare//determined_by_trait.tbl 
pcoa_name	LDA_acc	fdr_value	DBI
pcoa_1 0.575 0.00728196212615682 10.3425139761485
pcoa_2 0.565 0.00820286908399945 9.55779906485208
pcoa_3 0.585 0.00825374876177507 9.20411668293677

haha_exp_20/run_{1}/compare//explained.tbl 
0.686 0.148 0.077 0.05 0.031 0.022 0.019 0.015 0.012 0.009 0.008 0.006 0.006 0.006 0.005 0.004 0.004 0.003 0.003 0.003 0.003 0.002 0.002 0.002 0.002 0.002 0.002 0.002 0.001 0.001
0.716 0.142 0.089 0.053 0 0 0 0 0 0 0 0 0 0 0 0 0 0 0 0 0 0 0 0 0 0 0 0 0 0
0.794 0.091 0.063 0.052 0 0 0 0 0 0 0 0 0 0 0 0 0 0 0 0 0 0 0 0 0 0 0 0 0 0

